FM_TEST_BEGIN 2026-10-01T01:10:36Z tests/fm-test-fixtures.test.sh family=standalone expected_gate_skip=none
ok - automatic Git repack stays owned and finishes before a complete local clone
ok - runner and shared helpers isolate host Git config and preserve explicit config and outside commits
ok - fm_touch_epoch preserves both epochs in the repeated DST hour
ok - fake no-mistakes --version is the shared constant and overridable
ok - init/doctor no-mistakes stub touches markers and refuses other verbs
ok - fake gh authenticates and fake gh-axi reports the shared version
ok - spawn fakebin answers pane path, logs -l payloads, and installs extra tools
ok - send stubs log typed text and fake ssh records argv with a controllable exit
ok - spawn-home layout writes harness pin, beat, and brief
FM_TEST_END 2026-10-01T01:10:52Z tests/fm-test-fixtures.test.sh exit=0 duration_ms=16127 gate_skip=false
FM_TEST_BEGIN 2026-10-01T01:10:52Z tests/fm-remote-secondmate-lifecycle-e2e.test.sh family=secondmate expected_gate_skip=none
ok - overlapping remote home provisioning serializes through publication and rollback
ok - remote seed rollback preserves serialized competing routes
ok - unknown readiness preserves its route and brief for reconciliation
ok - remote seeding checks, repairs, and re-checks readiness, then stops on a remaining gap
ok - remote seeding proceeds once the repair closes every gap
ok - remote seeding provisions a supplied origin without touching the primary project tree
ok - remote provisioning re-validates a supplied origin at the receiving host
ok - seeding carries bitbucket, self-hosted, and scp-like origins through to the remote clone
ok - remote seed registers the route and provisions the whole home and project clone on that host
ok - remote inheritance rejects incomplete and superseded payload generations
ok - mixed local and remote routes validate without migration
ok - remote spawn launches on the remote-local backend and records a host-qualified route
ok - legacy and mismatched remote endpoints fail closed before backend access
ok - non-herdr remote endpoints are refused without changing either route
ok - an agent-less remote endpoint whose kill nothing confirmed is refused, not relaunched onto
ok - remote spawn serializes inheritance through launch publication
cannot retire terminal source; it remains registered: remote-reply-ios
ok - marked send and routed reply complete through the existing parent correlation owner
cannot retire terminal source; it remains registered: remote-reply-ios
ok - partial remote inheritance retains reread intent through bootstrap convergence
ok - config push and bootstrap serialize remote inheritance convergence
WARNING: watcher still down (same stale episode; last beat: 191s ago, grace 300s) - full banner already printed this episode.
cannot retire terminal source; it remains registered: remote-reply-ios
ok - remote inherited config retains and retries a failed live reread nudge
cannot retire terminal source; it remains registered: remote-reply-ios
cannot retire terminal source; it remains registered: remote-reply-ios
cannot retire terminal source; it remains registered: remote-reply-ios
ok - fleet snapshot projects mixed local and remote structured state
ok - remote update imports and fast-forwards the persistent home on its configured host
ok - the remote restart verb delegates to the host-local control plane and refuses before stopping anything
ok - startup repairs remote readiness before probing without relaunching
ok - the host-local state read steps around a stale shadowing herdr client
ok - startup reports alive legacy backends without changing their routes
ok - unreachable no-ledger remote state remains explicit with no local respawn or failover
