FM_TEST_BEGIN 2026-09-30T14:36:02Z tests/fm-calm-pi-extension.test.sh family=pure-contract-unit expected_gate_skip=none
ok - Pi calm resolves its persistent home independently of Pi's launch directory
ok - Pi calm compatibility evidence never rejects a Pi version for being newer than 0.82.0, and still fails closed on a missing or malformed version
ok - a missing collapsed-thinking presentation API degrades only that Calm adapter with a clear skip reason, while the rest of Calm still registers
ok - missing Pi presentation class exports reach the independent adapter degradation path
ok - Calm registers none of its 7 built-in tool wrappers at load while config/calm is off, and all 7 synchronously at load while config/calm is on
ok - Calm's first same-session /calm activation claims every uncontested built-in, leaves a foreign bash tool fully intact and callable, warns prominently and logs the contested name, and only rows constructed before that activation - the documented bound - fail to retroactively collapse
ok - Pi calm centralizes transcript visibility, preserves execution/export data, keeps Pi's stock working row visible while no run is active, and persists its choice across session starts
ok - Pi calm on collapses mid-turn assistant working notes to zero height while Calm off keeps them, leaves streaming, truncated-final, and genuine final replies untouched, never mutates the messages, ignores every /calm argument, and restores a legacy persisted max as ordinary Calm on
ok - Pi operational follow-up E2E processes exact user-role notifications once while Calm hides current and adjacent rows, Calm off and absent render them, and restart preserves semantics
ok - Pi Calm native /skill:ahoy geometry keeps every collapsed thinking and tool block at zero height while preserving expansion, history, restart, and Calm-off rendering
ok - Pi Calm working ship keeps its centered two-row asymmetric Unicode boat inside a deterministic long-wave trough, preserves blue water through the hull, uses standard blue/cyan/yellow/red with balanced resets, keeps ANSI-stripped width exact, reverses cleanly at both edges and every width, clamps visible and hidden resizes, falls back deterministically when narrow, freezes and resumes across settle/start without hidden-time jumps or duplicate timers, resets only on a fresh session, and leaves Calm-off visibility untouched
ok - the rendered-export-DOM guard renders in one pass, retries a bounded number of Chrome start-up failures, and reports the Chrome binary, Chrome version, Pi version, exit status, and Chrome diagnostic when every attempt fails
ok - tmux uses the probed Pi executable even when its shell PATH resolves bare pi to a decoy
export visibility: 2 hidden entries; H toggle verified
ok - export visibility rejects a deliberately visible synthetic message while preserving hidden provenance and genuine conversation
ok - Pi calm native E2E replaces the stock working row with a moving, resize-clamped working ship that freezes and resumes across two working periods in one Pi session, clears on abort, keeps captain turns visible, hides exact operational user rows without changing persistence, restores stock rendering Calm-off, survives restart, and preserves export plus Ctrl+O behavior
FM_TEST_END 2026-09-30T14:38:09Z tests/fm-calm-pi-extension.test.sh exit=0 duration_ms=127571 gate_skip=false
FM_TEST_BEGIN 2026-09-30T14:38:09Z tests/fm-pi-branch-extension.test.sh family=standalone expected_gate_skip=none
ok - fm_branch_outcomes hides through ToolExecutionComponent while Calm-off and HTML export stay stock
ok - the installed Pi still bounds the picker's list and ranks its search
ok - branch owns accepted wakes with a stable prefix and deterministic verdict-driven delivery
ok - a captain outcome reaches main's model as one typed, sequence-keyed processing request while routine notes stay plain
ok - requested and unsolicited healthy outcomes keep distinct delivery and event ownership
ok - captain outcomes are exact and exactly once across crash, reload, busy main, compaction, and an unrelated assistant response
ok - a captain outcome opens one sequence-keyed processing turn, survives empty and unrelated answers, is re-presented at run end and session start, and closes only on its acknowledgement
ok - scopeForUnreadWake excludes every main-only class without vetoing eligible task-local rows, and writes the eligible snapshot
ok - branch prompt_cache_key is stable per home across sessions and distinct between homes
ok - branch default-on eligibility (task-scoped, heartbeat, afk) binds and a broken branch rejects to watcher fallback
ok - a heartbeat review survives a check row arriving before its drain
ok - fm_branch_report refuses a task the wake did not name, fleet included, while a heartbeat is unscoped
ok - pre-drain eligibility re-check excludes a newly main-owned row without deferring eligible work
ok - a co-present needs-decision row neither vetoes nor falsely settles routine branch delivery
ok - a settled branch turn without a durable outcome falls back and releases its grant for main replay
ok - branch acknowledgement waits for coverage and deduplicated rows settle together
ok - reported prompts refuse settlement without an observed acknowledgement
ok - ordinary fallback reuses its observed acknowledgement without hiding later rows
ok - provider errors settle only after fully reported grants are acknowledged
