
=== 1. start the REAL hub from the hub-host home (product entrypoint)
fm-stream-hub 2.0.0 protocol 3 listening on 127.0.0.1:7791
local hub process: 52315
hub at http://127.0.0.1:7791: protocol 3 version 2.0.0 endpoints 0

=== 2. primary credential authenticates before any seeding
primary GET /v1/tasks -> 200:{"machines": [], "ok": true, "tasks": []}
unknown  GET /v1/tasks -> 401:{"error": "unauthenticated", "message": "a bearer token is required", "ok": false}

=== 3. seed a secondmate home while the hub runs (real fm-home-seed.sh)
scaffolded: /tmp/fm-cred-live.83vC7i/home/data/livermate/brief.md (secondmate charter)
home=/private/tmp/fm-cred-live.83vC7i/mate
mate token delivered: YwL6a04P... (len 43)
differs from primary : yes
hub tokens file now:
publish,subscribe,control:primary-...
publish,subscribe,control:YwL6a04P...
hub file mode: 600  mate token mode: 600

=== 4. documented limit: seeded token is INACTIVE until the hub restarts
mate token GET /v1/tasks (pre-restart) -> 401:{"error": "unauthenticated", "message": "a bearer token is required", "ok": false}

=== 5. restart the hub (the documented planned-restart activation step)
hub stopped
fm-stream-hub 2.0.0 protocol 3 listening on 127.0.0.1:7791
local hub process: 78067
hub at http://127.0.0.1:7791: protocol 3 version 2.0.0 endpoints 0

=== 6. after restart the mate credential holds exactly the ruled classes
mate   GET  /v1/tasks           (subscribe) -> 200:{"machines": [], "ok": true, "tasks": []}
mate   POST /v1/agent/endpoints (publish)   -> 201:{"command_capability": "s2QT1AesZltOcmR1uJRReIbk2jz_hQ2tVNBj-e0-k8Y", "endpoint": {"agent_
mate   POST /v1/orders           (control)  -> 409:{"error": "hub_generation_changed", "message": "the order was negotiated for another hub g
mate   GET  /v1/tasks with unknown token    -> 401:{"error": "unauthenticated", "message": "a bearer token is required", "ok": false}

=== 7. a subscribe-only credential is refused the wider classes (narrowness is real)
hub stopped
fm-stream-hub 2.0.0 protocol 3 listening on 127.0.0.1:7791
local hub process: 81219
hub at http://127.0.0.1:7791: protocol 3 version 2.0.0 endpoints 0
view-only GET  /v1/tasks           -> 200:{"machines": [], "ok": true, "tasks": []}
view-only POST /v1/agent/endpoints -> 403:{"error": "wrong_token_class", "message": "this token does not hold the 'publish' class", 
view-only POST /v1/orders          -> 403:{"error": "wrong_token_class", "message": "this token does not hold the 'control' class", 

=== done
