primary secret present in mate home (expect 0 files):
  matches: 0
mate home stream-side files (expect only config/stream-token):
  crates/fm-stream-bridge/src/hub.rs
  bin/fm-stream-hub.py
  bin/backends/stream.sh
  config/stream-token
  tests/fm-stream-hub.test.sh
  tests/assets/stream-hub-listing-under-registration.py
  tests/assets/stream-agent-closing-frame.py
  tests/assets/stream-agent-rejoin-pace.py
  tests/assets/stream-hub-keepalive-refusal.py
  tests/assets/stream-viewer-harness.mjs
  tests/assets/stream-hub-concurrent-capture.py
  tests/assets/stream-hub-stub.py
  tests/assets/stream-drop-response-proxy.py
  tests/assets/stream-result-journal.py
  docs/stream-backend.md
  .github
  .git/logs/refs/heads/fm/fm-stream-secondmate-hub-credential
  .git/refs/heads/fm/fm-stream-secondmate-hub-credential
mate config dir:
  stream-token
mate token mode: 600 (expect 600)
SCAN PASS
