FM_TEST_BEGIN 2026-10-05T17:26:06Z tests/fm-deck-harness.test.sh family=pure-contract-unit expected_gate_skip=none
ok - Herdr Deck recovery proves driver identity; dead and non-Deck paths remain conservative
ok - Herdr Deck recovery attributes a live driver across a spaced code root and state root
ok - the steering doorbell rings a live remote Deck driver and skips an absent one
ok - Deck idle Ctrl+C stays a signal, not fake input, while partial input remains visible
Traceback (most recent call last):
  File "<stdin>", line 32, in <module>
  File "<stdin>", line 17, in wait_for
AssertionError: host exited: 
⛵ deck working - ctrl+c to stop

── turn finished (1 model calls)

idle since 2026-10-05T17:26Z
❯ 
⛵ deck working - ctrl+c to stop
watcher: started pid=29188 (beacon fresh)
check: example

── turn finished (1 model calls)
fm-deck-worker: could not publish watcher steering doorbell

not ok - Deck secondmate host integration failed
FM_TEST_END 2026-10-05T17:26:26Z tests/fm-deck-harness.test.sh exit=1 duration_ms=20370 gate_skip=false
FM_TEST_SUMMARY total=1 failed=1 skipped_gate=0 duration_ms=20471
FM_TEST_SUMMARY_FAMILY family=pure-contract-unit count=1 duration_ms=20370 failed=1
FM_TEST_SLOWEST rank=1 script=tests/fm-deck-harness.test.sh duration_ms=20370
