FM_TEST_BEGIN 2026-10-05T16:39:09Z tests/fm-deck-harness.test.sh family=pure-contract-unit expected_gate_skip=none
tests/fm-deck-harness.test.sh: line 58: fm_test_tmproot: command not found
mkdir: /pipeline-wake: Read-only file system
tests/fm-deck-harness.test.sh: line 66: /pipeline-wake/deck: No such file or directory
chmod: /pipeline-wake/deck: No such file or directory
mkdir: /pipeline-wake: Read-only file system
mkdir: /pipeline-wake: Read-only file system
mkdir: /pipeline-wake: Read-only file system
tests/fm-deck-harness.test.sh: line 1665: fm_git_identity: command not found
fatal: cannot change to '/pipeline-wake/wt': No such file or directory
fatal: cannot change to '/pipeline-wake/wt': No such file or directory
fatal: cannot change to '/pipeline-wake/wt': No such file or directory
tests/fm-deck-harness.test.sh: line 1669: fm_write_meta: command not found
tests/fm-deck-harness.test.sh: line 1670: /pipeline-wake/fakebin/no-mistakes: No such file or directory
tests/fm-deck-harness.test.sh: line 1688: /pipeline-wake/fakebin/tmux: No such file or directory
chmod: /pipeline-wake/fakebin/no-mistakes: No such file or directory
chmod: /pipeline-wake/fakebin/tmux: No such file or directory
fatal: cannot change to '/pipeline-wake/wt': No such file or directory
tests/fm-deck-harness.test.sh: line 1691: /pipeline-wake/head: No such file or directory
cat: /pipeline-wake/head: No such file or directory
tests/fm-deck-harness.test.sh: line 1708: /pipeline-wake/nm-run.tmp: No such file or directory
mv: rename /pipeline-wake/nm-run.tmp to /pipeline-wake/nm-run: No such file or directory
error: state dir not found: /pipeline-wake/state
mkfifo: /pipeline-wake/in: No such file or directory
tests/fm-deck-harness.test.sh: line 1717: /pipeline-wake/in: No such file or directory
tests/fm-deck-harness.test.sh: line 1718: /pipeline-wake/in: No such file or directory
tests/fm-deck-harness.test.sh: line 1723: fm_test_track_helper_pid: command not found
tests/fm-deck-harness.test.sh: line 1738: [: : integer expected
tests/fm-deck-harness.test.sh: line 1738: [: : integer expected
tests/fm-deck-harness.test.sh: line 1738: [: : integer expected
tests/fm-deck-harness.test.sh: line 1738: [: : integer expected
tests/fm-deck-harness.test.sh: line 1738: [: : integer expected
tests/fm-deck-harness.test.sh: line 1738: [: : integer expected
tests/fm-deck-harness.test.sh: line 1738: [: : integer expected
tests/fm-deck-harness.test.sh: line 1738: [: : integer expected
tests/fm-deck-harness.test.sh: line 1738: [: : integer expected
tests/fm-deck-harness.test.sh: line 1738: [: : integer expected
tests/fm-deck-harness.test.sh: line 1738: [: : integer expected
tests/fm-deck-harness.test.sh: line 1738: [: : integer expected
tests/fm-deck-harness.test.sh: line 1738: [: : integer expected
tests/fm-deck-harness.test.sh: line 1738: [: : integer expected
tests/fm-deck-harness.test.sh: line 1738: [: : integer expected
tests/fm-deck-harness.test.sh: line 1738: [: : integer expected
tests/fm-deck-harness.test.sh: line 1738: [: : integer expected
tests/fm-deck-harness.test.sh: line 1738: [: : integer expected
tests/fm-deck-harness.test.sh: line 1738: [: : integer expected
tests/fm-deck-harness.test.sh: line 1738: [: : integer expected
tests/fm-deck-harness.test.sh: line 1738: [: : integer expected
tests/fm-deck-harness.test.sh: line 1738: [: : integer expected
tests/fm-deck-harness.test.sh: line 1738: [: : integer expected
tests/fm-deck-harness.test.sh: line 1738: [: : integer expected
tests/fm-deck-harness.test.sh: line 1738: [: : integer expected
tests/fm-deck-harness.test.sh: line 1738: [: : integer expected
tests/fm-deck-harness.test.sh: line 1738: [: : integer expected
tests/fm-deck-harness.test.sh: line 1738: [: : integer expected
tests/fm-deck-harness.test.sh: line 1738: [: : integer expected
tests/fm-deck-harness.test.sh: line 1738: [: : integer expected
tests/fm-deck-harness.test.sh: line 1738: [: : integer expected
tests/fm-deck-harness.test.sh: line 1738: [: : integer expected
tests/fm-deck-harness.test.sh: line 1738: [: : integer expected
tests/fm-deck-harness.test.sh: line 1738: [: : integer expected
tests/fm-deck-harness.test.sh: line 1738: [: : integer expected
tests/fm-deck-harness.test.sh: line 1738: [: : integer expected
tests/fm-deck-harness.test.sh: line 1738: [: : integer expected
tests/fm-deck-harness.test.sh: line 1738: [: : integer expected
tests/fm-deck-harness.test.sh: line 1738: [: : integer expected
tests/fm-deck-harness.test.sh: line 1738: [: : integer expected
tests/fm-deck-harness.test.sh: line 1738: [: : integer expected
tests/fm-deck-harness.test.sh: line 1738: [: : integer expected
tests/fm-deck-harness.test.sh: line 1738: [: : integer expected
tests/fm-deck-harness.test.sh: line 1738: [: : integer expected
tests/fm-deck-harness.test.sh: line 1738: [: : integer expected
tests/fm-deck-harness.test.sh: line 1738: [: : integer expected
tests/fm-deck-harness.test.sh: line 1738: [: : integer expected
tests/fm-deck-harness.test.sh: line 1738: [: : integer expected
tests/fm-deck-harness.test.sh: line 1738: [: : integer expected
tests/fm-deck-harness.test.sh: line 1738: [: : integer expected
tests/fm-deck-harness.test.sh: line 1738: [: : integer expected
tests/fm-deck-harness.test.sh: line 1738: [: : integer expected
tests/fm-deck-harness.test.sh: line 1738: [: : integer expected
tests/fm-deck-harness.test.sh: line 1738: [: : integer expected
tests/fm-deck-harness.test.sh: line 1738: [: : integer expected
tests/fm-deck-harness.test.sh: line 1738: [: : integer expected
tests/fm-deck-harness.test.sh: line 1738: [: : integer expected
tests/fm-deck-harness.test.sh: line 1738: [: : integer expected
tests/fm-deck-harness.test.sh: line 1738: [: : integer expected
tests/fm-deck-harness.test.sh: line 1738: [: : integer expected
tests/fm-deck-harness.test.sh: line 1738: [: : integer expected
tests/fm-deck-harness.test.sh: line 1738: [: : integer expected
tests/fm-deck-harness.test.sh: line 1738: [: : integer expected
tests/fm-deck-harness.test.sh: line 1738: [: : integer expected
tests/fm-deck-harness.test.sh: line 1738: [: : integer expected
tests/fm-deck-harness.test.sh: line 1738: [: : integer expected
tests/fm-deck-harness.test.sh: line 1738: [: : integer expected
tests/fm-deck-harness.test.sh: line 1738: [: : integer expected
tests/fm-deck-harness.test.sh: line 1738: [: : integer expected
tests/fm-deck-harness.test.sh: line 1738: [: : integer expected
tests/fm-deck-harness.test.sh: line 1738: [: : integer expected
tests/fm-deck-harness.test.sh: line 1738: [: : integer expected
tests/fm-deck-harness.test.sh: line 1738: [: : integer expected
tests/fm-deck-harness.test.sh: line 1738: [: : integer expected
tests/fm-deck-harness.test.sh: line 1738: [: : integer expected
tests/fm-deck-harness.test.sh: line 1738: [: : integer expected
tests/fm-deck-harness.test.sh: line 1738: [: : integer expected
tests/fm-deck-harness.test.sh: line 1738: [: : integer expected
tests/fm-deck-harness.test.sh: line 1738: [: : integer expected
tests/fm-deck-harness.test.sh: line 1738: [: : integer expected
tests/fm-deck-harness.test.sh: line 1738: [: : integer expected
tests/fm-deck-harness.test.sh: line 1738: [: : integer expected
tests/fm-deck-harness.test.sh: line 1738: [: : integer expected
tests/fm-deck-harness.test.sh: line 1738: [: : integer expected
tests/fm-deck-harness.test.sh: line 1738: [: : integer expected
tests/fm-deck-harness.test.sh: line 1738: [: : integer expected
tests/fm-deck-harness.test.sh: line 1738: [: : integer expected
tests/fm-deck-harness.test.sh: line 1738: [: : integer expected
tests/fm-deck-harness.test.sh: line 1738: [: : integer expected
tests/fm-deck-harness.test.sh: line 1738: [: : integer expected
tests/fm-deck-harness.test.sh: line 1738: [: : integer expected
tests/fm-deck-harness.test.sh: line 1738: [: : integer expected
tests/fm-deck-harness.test.sh: line 1738: [: : integer expected
tests/fm-deck-harness.test.sh: line 1738: [: : integer expected
tests/fm-deck-harness.test.sh: line 1738: [: : integer expected
tests/fm-deck-harness.test.sh: line 1738: [: : integer expected
tests/fm-deck-harness.test.sh: line 1738: [: : integer expected
tests/fm-deck-harness.test.sh: line 1738: [: : integer expected
tests/fm-deck-harness.test.sh: line 1738: [: : integer expected
tests/fm-deck-harness.test.sh: line 1738: [: : integer expected
tests/fm-deck-harness.test.sh: line 1738: [: : integer expected
tests/fm-deck-harness.test.sh: line 1738: [: : integer expected
tests/fm-deck-harness.test.sh: line 1738: [: : integer expected
tests/fm-deck-harness.test.sh: line 1738: [: : integer expected
tests/fm-deck-harness.test.sh: line 1738: [: : integer expected
tests/fm-deck-harness.test.sh: line 1738: [: : integer expected
tests/fm-deck-harness.test.sh: line 1738: [: : integer expected
tests/fm-deck-harness.test.sh: line 1738: [: : integer expected
tests/fm-deck-harness.test.sh: line 1738: [: : integer expected
tests/fm-deck-harness.test.sh: line 1738: [: : integer expected
tests/fm-deck-harness.test.sh: line 1738: [: : integer expected
tests/fm-deck-harness.test.sh: line 1738: [: : integer expected
tests/fm-deck-harness.test.sh: line 1738: [: : integer expected
tests/fm-deck-harness.test.sh: line 1738: [: : integer expected
tests/fm-deck-harness.test.sh: line 1738: [: : integer expected
tests/fm-deck-harness.test.sh: line 1738: [: : integer expected
tests/fm-deck-harness.test.sh: line 1738: [: : integer expected
tests/fm-deck-harness.test.sh: line 1738: [: : integer expected
tests/fm-deck-harness.test.sh: line 1738: [: : integer expected
tests/fm-deck-harness.test.sh: line 1738: [: : integer expected
tests/fm-deck-harness.test.sh: line 1738: [: : integer expected
tests/fm-deck-harness.test.sh: line 1738: [: : integer expected
tests/fm-deck-harness.test.sh: line 1738: [: : integer expected
tests/fm-deck-harness.test.sh: line 1738: [: : integer expected
tests/fm-deck-harness.test.sh: line 1738: [: : integer expected
tests/fm-deck-harness.test.sh: line 1738: [: : integer expected
tests/fm-deck-harness.test.sh: line 1738: [: : integer expected
tests/fm-deck-harness.test.sh: line 1738: [: : integer expected
tests/fm-deck-harness.test.sh: line 1738: [: : integer expected
tests/fm-deck-harness.test.sh: line 1738: [: : integer expected
tests/fm-deck-harness.test.sh: line 1738: [: : integer expected
tests/fm-deck-harness.test.sh: line 1738: [: : integer expected
tests/fm-deck-harness.test.sh: line 1738: [: : integer expected
tests/fm-deck-harness.test.sh: line 1738: [: : integer expected
tests/fm-deck-harness.test.sh: line 1738: [: : integer expected
tests/fm-deck-harness.test.sh: line 1738: [: : integer expected
tests/fm-deck-harness.test.sh: line 1738: [: : integer expected
tests/fm-deck-harness.test.sh: line 1738: [: : integer expected
tests/fm-deck-harness.test.sh: line 1738: [: : integer expected
tests/fm-deck-harness.test.sh: line 1738: [: : integer expected
tests/fm-deck-harness.test.sh: line 1738: [: : integer expected
tests/fm-deck-harness.test.sh: line 1738: [: : integer expected
tests/fm-deck-harness.test.sh: line 1738: [: : integer expected
tests/fm-deck-harness.test.sh: line 1738: [: : integer expected
tests/fm-deck-harness.test.sh: line 1738: [: : integer expected
tests/fm-deck-harness.test.sh: line 1738: [: : integer expected
tests/fm-deck-harness.test.sh: line 1738: [: : integer expected
tests/fm-deck-harness.test.sh: line 1738: [: : integer expected
tests/fm-deck-harness.test.sh: line 1738: [: : integer expected
tests/fm-deck-harness.test.sh: line 1738: [: : integer expected
tests/fm-deck-harness.test.sh: line 1738: [: : integer expected
tests/fm-deck-harness.test.sh: line 1738: [: : integer expected
tests/fm-deck-harness.test.sh: line 1738: [: : integer expected
tests/fm-deck-harness.test.sh: line 1738: [: : integer expected
tests/fm-deck-harness.test.sh: line 1738: [: : integer expected
tests/fm-deck-harness.test.sh: line 1738: [: : integer expected
tests/fm-deck-harness.test.sh: line 1738: [: : integer expected
tests/fm-deck-harness.test.sh: line 1738: [: : integer expected
tests/fm-deck-harness.test.sh: line 1738: [: : integer expected
tests/fm-deck-harness.test.sh: line 1738: [: : integer expected
tests/fm-deck-harness.test.sh: line 1738: [: : integer expected
tests/fm-deck-harness.test.sh: line 1738: [: : integer expected
tests/fm-deck-harness.test.sh: line 1738: [: : integer expected
tests/fm-deck-harness.test.sh: line 1738: [: : integer expected
tests/fm-deck-harness.test.sh: line 1738: [: : integer expected
tests/fm-deck-harness.test.sh: line 1738: [: : integer expected
tests/fm-deck-harness.test.sh: line 1738: [: : integer expected
tests/fm-deck-harness.test.sh: line 1738: [: : integer expected
tests/fm-deck-harness.test.sh: line 1738: [: : integer expected
tests/fm-deck-harness.test.sh: line 1738: [: : integer expected
tests/fm-deck-harness.test.sh: line 1738: [: : integer expected
tests/fm-deck-harness.test.sh: line 1738: [: : integer expected
tests/fm-deck-harness.test.sh: line 1738: [: : integer expected
tests/fm-deck-harness.test.sh: line 1738: [: : integer expected
tests/fm-deck-harness.test.sh: line 1738: [: : integer expected
tests/fm-deck-harness.test.sh: line 1738: [: : integer expected
tests/fm-deck-harness.test.sh: line 1738: [: : integer expected
tests/fm-deck-harness.test.sh: line 1738: [: : integer expected
tests/fm-deck-harness.test.sh: line 1738: [: : integer expected
tests/fm-deck-harness.test.sh: line 1738: [: : integer expected
tests/fm-deck-harness.test.sh: line 1738: [: : integer expected
tests/fm-deck-harness.test.sh: line 1738: [: : integer expected
tests/fm-deck-harness.test.sh: line 1738: [: : integer expected
tests/fm-deck-harness.test.sh: line 1738: [: : integer expected
tests/fm-deck-harness.test.sh: line 1738: [: : integer expected
tests/fm-deck-harness.test.sh: line 1738: [: : integer expected
tests/fm-deck-harness.test.sh: line 1738: [: : integer expected
tests/fm-deck-harness.test.sh: line 1738: [: : integer expected
tests/fm-deck-harness.test.sh: line 1738: [: : integer expected
tests/fm-deck-harness.test.sh: line 1738: [: : integer expected
tests/fm-deck-harness.test.sh: line 1738: [: : integer expected
tests/fm-deck-harness.test.sh: line 1738: [: : integer expected
tests/fm-deck-harness.test.sh: line 1738: [: : integer expected
tests/fm-deck-harness.test.sh: line 1738: [: : integer expected
tests/fm-deck-harness.test.sh: line 1738: [: : integer expected
tests/fm-deck-harness.test.sh: line 1738: [: : integer expected
tests/fm-deck-harness.test.sh: line 1738: [: : integer expected
tests/fm-deck-harness.test.sh: line 1738: [: : integer expected
tests/fm-deck-harness.test.sh: line 1738: [: : integer expected
tests/fm-deck-harness.test.sh: line 1738: [: : integer expected
tests/fm-deck-harness.test.sh: line 1738: [: : integer expected
tests/fm-deck-harness.test.sh: line 1738: [: : integer expected
tests/fm-deck-harness.test.sh: line 1738: [: : integer expected
tests/fm-deck-harness.test.sh: line 1738: [: : integer expected
tests/fm-deck-harness.test.sh: line 1738: [: : integer expected
tests/fm-deck-harness.test.sh: line 1738: [: : integer expected
tests/fm-deck-harness.test.sh: line 1738: [: : integer expected
tests/fm-deck-harness.test.sh: line 1738: [: : integer expected
tests/fm-deck-harness.test.sh: line 1738: [: : integer expected
tests/fm-deck-harness.test.sh: line 1738: [: : integer expected
tests/fm-deck-harness.test.sh: line 1738: [: : integer expected
tests/fm-deck-harness.test.sh: line 1738: [: : integer expected
tests/fm-deck-harness.test.sh: line 1738: [: : integer expected
tests/fm-deck-harness.test.sh: line 1738: [: : integer expected
tests/fm-deck-harness.test.sh: line 1738: [: : integer expected
tests/fm-deck-harness.test.sh: line 1738: [: : integer expected
tests/fm-deck-harness.test.sh: line 1738: [: : integer expected
tests/fm-deck-harness.test.sh: line 1738: [: : integer expected
tests/fm-deck-harness.test.sh: line 1738: [: : integer expected
tests/fm-deck-harness.test.sh: line 1738: [: : integer expected
tests/fm-deck-harness.test.sh: line 1738: [: : integer expected
tests/fm-deck-harness.test.sh: line 1738: [: : integer expected
tests/fm-deck-harness.test.sh: line 1738: [: : integer expected
tests/fm-deck-harness.test.sh: line 1738: [: : integer expected
tests/fm-deck-harness.test.sh: line 1738: [: : integer expected
tests/fm-deck-harness.test.sh: line 1738: [: : integer expected
tests/fm-deck-harness.test.sh: line 1738: [: : integer expected
tests/fm-deck-harness.test.sh: line 1738: [: : integer expected
tests/fm-deck-harness.test.sh: line 1738: [: : integer expected
tests/fm-deck-harness.test.sh: line 1738: [: : integer expected
tests/fm-deck-harness.test.sh: line 1738: [: : integer expected
tests/fm-deck-harness.test.sh: line 1738: [: : integer expected
tests/fm-deck-harness.test.sh: line 1738: [: : integer expected
tests/fm-deck-harness.test.sh: line 1738: [: : integer expected
tests/fm-deck-harness.test.sh: line 1738: [: : integer expected
tests/fm-deck-harness.test.sh: line 1738: [: : integer expected
tests/fm-deck-harness.test.sh: line 1738: [: : integer expected
tests/fm-deck-harness.test.sh: line 1738: [: : integer expected
tests/fm-deck-harness.test.sh: line 1738: [: : integer expected
tests/fm-deck-harness.test.sh: line 1738: [: : integer expected
tests/fm-deck-harness.test.sh: line 1738: [: : integer expected
tests/fm-deck-harness.test.sh: line 1738: [: : integer expected
tests/fm-deck-harness.test.sh: line 1738: [: : integer expected
tests/fm-deck-harness.test.sh: line 1738: [: : integer expected
tests/fm-deck-harness.test.sh: line 1738: [: : integer expected
tests/fm-deck-harness.test.sh: line 1738: [: : integer expected
tests/fm-deck-harness.test.sh: line 1738: [: : integer expected
tests/fm-deck-harness.test.sh: line 1738: [: : integer expected
tests/fm-deck-harness.test.sh: line 1738: [: : integer expected
tests/fm-deck-harness.test.sh: line 1738: [: : integer expected
tests/fm-deck-harness.test.sh: line 1738: [: : integer expected
tests/fm-deck-harness.test.sh: line 1738: [: : integer expected
tests/fm-deck-harness.test.sh: line 1738: [: : integer expected
tests/fm-deck-harness.test.sh: line 1738: [: : integer expected
tests/fm-deck-harness.test.sh: line 1738: [: : integer expected
tests/fm-deck-harness.test.sh: line 1738: [: : integer expected
tests/fm-deck-harness.test.sh: line 1738: [: : integer expected
tests/fm-deck-harness.test.sh: line 1738: [: : integer expected
tests/fm-deck-harness.test.sh: line 1738: [: : integer expected
tests/fm-deck-harness.test.sh: line 1738: [: : integer expected
tests/fm-deck-harness.test.sh: line 1738: [: : integer expected
tests/fm-deck-harness.test.sh: line 1738: [: : integer expected
tests/fm-deck-harness.test.sh: line 1738: [: : integer expected
tests/fm-deck-harness.test.sh: line 1738: [: : integer expected
tests/fm-deck-harness.test.sh: line 1738: [: : integer expected
tests/fm-deck-harness.test.sh: line 1738: [: : integer expected
tests/fm-deck-harness.test.sh: line 1738: [: : integer expected
tests/fm-deck-harness.test.sh: line 1738: [: : integer expected
tests/fm-deck-harness.test.sh: line 1738: [: : integer expected
tests/fm-deck-harness.test.sh: line 1738: [: : integer expected
tests/fm-deck-harness.test.sh: line 1738: [: : integer expected
tests/fm-deck-harness.test.sh: line 1738: [: : integer expected
tests/fm-deck-harness.test.sh: line 1738: [: : integer expected
tests/fm-deck-harness.test.sh: line 1738: [: : integer expected
tests/fm-deck-harness.test.sh: line 1738: [: : integer expected
tests/fm-deck-harness.test.sh: line 1738: [: : integer expected
tests/fm-deck-harness.test.sh: line 1738: [: : integer expected
tests/fm-deck-harness.test.sh: line 1738: [: : integer expected
tests/fm-deck-harness.test.sh: line 1738: [: : integer expected
tests/fm-deck-harness.test.sh: line 1738: [: : integer expected
tests/fm-deck-harness.test.sh: line 1738: [: : integer expected
tests/fm-deck-harness.test.sh: line 1738: [: : integer expected
tests/fm-deck-harness.test.sh: line 1738: [: : integer expected
tests/fm-deck-harness.test.sh: line 1738: [: : integer expected
tests/fm-deck-harness.test.sh: line 1738: [: : integer expected
tests/fm-deck-harness.test.sh: line 1738: [: : integer expected
tests/fm-deck-harness.test.sh: line 1738: [: : integer expected
tests/fm-deck-harness.test.sh: line 1738: [: : integer expected
tests/fm-deck-harness.test.sh: line 1738: [: : integer expected
tests/fm-deck-harness.test.sh: line 1738: [: : integer expected
tests/fm-deck-harness.test.sh: line 1738: [: : integer expected
tests/fm-deck-harness.test.sh: line 1738: [: : integer expected
tests/fm-deck-harness.test.sh: line 1738: [: : integer expected
tests/fm-deck-harness.test.sh: line 1738: [: : integer expected
tests/fm-deck-harness.test.sh: line 1738: [: : integer expected
tests/fm-deck-harness.test.sh: line 1738: [: : integer expected
tests/fm-deck-harness.test.sh: line 1738: [: : integer expected
tests/fm-deck-harness.test.sh: line 1738: [: : integer expected
tests/fm-deck-harness.test.sh: line 1738: [: : integer expected
tests/fm-deck-harness.test.sh: line 1738: [: : integer expected
cat: /pipeline-wake/pane.out: No such file or directory
not ok - a turn that ended with its run working did not arm the pipeline wait: 
FM_TEST_END 2026-10-05T16:40:17Z tests/fm-deck-harness.test.sh exit=1 duration_ms=67775 gate_skip=false
FM_TEST_SUMMARY total=1 failed=1 skipped_gate=0 duration_ms=68771
FM_TEST_SUMMARY_FAMILY family=pure-contract-unit count=1 duration_ms=67775 failed=1
FM_TEST_SLOWEST rank=1 script=tests/fm-deck-harness.test.sh duration_ms=67775
