FM_TEST_BEGIN 2026-10-05T17:46:13Z tests/fm-deck-harness.test.sh family=pure-contract-unit expected_gate_skip=none
ok - Herdr Deck recovery proves driver identity; dead and non-Deck paths remain conservative
ok - Herdr Deck recovery attributes a live driver across a spaced code root and state root
ok - the steering doorbell rings a live remote Deck driver and skips an absent one
ok - Deck host preserves handling-successor supervision without parent turn-end wakes
FM_TEST_END 2026-10-05T17:46:53Z tests/fm-deck-harness.test.sh exit=0 duration_ms=40095 gate_skip=false
FM_TEST_BEGIN 2026-10-05T17:46:53Z tests/fm-deck-host-live-e2e.test.sh family=live-harness-optin expected_gate_skip=live-capability
skip: live: disabled by FM_LIVE=0
fm-test-run: gate skip: tests/fm-deck-host-live-e2e.test.sh: live: disabled by FM_LIVE=0
FM_TEST_END 2026-10-05T17:46:53Z tests/fm-deck-host-live-e2e.test.sh exit=0 duration_ms=69 gate_skip=true
FM_TEST_BEGIN 2026-10-05T17:46:53Z tests/fm-stream-deck-live-e2e.test.sh family=live-harness-optin expected_gate_skip=live-capability
skip: live: disabled by FM_LIVE=0
fm-test-run: gate skip: tests/fm-stream-deck-live-e2e.test.sh: live: disabled by FM_LIVE=0
FM_TEST_END 2026-10-05T17:46:53Z tests/fm-stream-deck-live-e2e.test.sh exit=0 duration_ms=64 gate_skip=true
FM_TEST_SUMMARY total=3 failed=0 skipped_gate=2 duration_ms=40442
FM_TEST_SUMMARY_FAMILY family=live-harness-optin count=2 duration_ms=133 failed=0
FM_TEST_SUMMARY_FAMILY family=pure-contract-unit count=1 duration_ms=40095 failed=0
FM_TEST_SLOWEST rank=1 script=tests/fm-deck-harness.test.sh duration_ms=40095
FM_TEST_SLOWEST rank=2 script=tests/fm-deck-host-live-e2e.test.sh duration_ms=69
FM_TEST_SLOWEST rank=3 script=tests/fm-stream-deck-live-e2e.test.sh duration_ms=64
