Runtime CLI evidence from the real Firstmate wrapper and reader, using the repository fixture Deck/no-mistakes binaries. These are shimmed behavior checks, NOT live model/pipeline validation.

=== pipeline-bound ===

--- pane.out ---

⛵ deck working - ctrl+c to stop
echo: write-status
── turn finished 2026-09-24T17:01Z (1 model calls)

⛵ no-mistakes run 01PIPE still working; the next turn starts when it changes state.

idle since 2026-10-05T16:57Z
❯ 
--- t1.busy-state ---
v1 gen=g1791219475.75073.19609 seq=4 state=idle source=deck-wrapper event=session-end ts=1791219482

=== pipeline-clear-doorbell ===

--- pane.out ---

⛵ deck working - ctrl+c to stop
echo: write-status
── turn finished 2026-09-24T17:01Z (1 model calls)

⛵ no-mistakes run 01PIPE still working; the next turn starts when it changes state.

idle since 2026-10-05T16:58Z
❯ 
idle since 2026-10-05T16:58Z
❯ 
⛵ deck working - ctrl+c to stop
echo: FIRSTMATE_OP: v1 inbox-doorbell write-status
── turn finished 2026-09-24T17:01Z (1 model calls)

⛵ no-mistakes run 01PIPE still working; the next turn starts when it changes state.

idle since 2026-10-05T16:58Z
❯ 
--- t1.busy-state ---
v1 gen=g1791219511.83026.3238 seq=6 state=idle source=deck-wrapper event=session-end ts=1791219513

=== pipeline-failed ===

--- pane.out ---

⛵ deck working - ctrl+c to stop
echo: write-status
── turn finished 2026-09-24T17:01Z (1 model calls)

⛵ no-mistakes run 01PIPE still working; the next turn starts when it changes state.

idle since 2026-10-05T16:58Z
❯ 
⛵ deck working - ctrl+c to stop
echo: Your no-mistakes run 01PIPE changed state while this session was idle: state: failed · source: run-step · run failed. Check it with no-mistakes axi status and continue per your brief, then append the matching status line.
── turn finished 2026-09-24T17:01Z (1 model calls)

idle since 2026-10-05T16:58Z
❯ 
--- t1.busy-state ---
v1 gen=g1791219482.76318.6858 seq=6 state=idle source=deck-wrapper event=session-end ts=1791219487

=== pipeline-no-watch-disabled ===

--- pane.out ---

⛵ deck working - ctrl+c to stop
echo: write-status
── turn finished 2026-09-24T17:01Z (1 model calls)

idle since 2026-10-05T16:58Z
❯ 
--- t1.busy-state ---
v1 gen=g1791219513.83814.20726 seq=4 state=idle source=deck-wrapper event=session-end ts=1791219517

=== pipeline-no-watch-parked ===

--- pane.out ---

⛵ deck working - ctrl+c to stop
echo: write-status
── turn finished 2026-09-24T17:01Z (1 model calls)

idle since 2026-10-05T16:58Z
❯ 
--- t1.busy-state ---
v1 gen=g1791219521.85017.12379 seq=4 state=idle source=deck-wrapper event=session-end ts=1791219525

=== pipeline-no-watch-scout ===

--- pane.out ---

⛵ deck working - ctrl+c to stop
echo: write-status
── turn finished 2026-09-24T17:01Z (1 model calls)

idle since 2026-10-05T16:58Z
❯ 
--- t1.busy-state ---
v1 gen=g1791219517.84520.13147 seq=4 state=idle source=deck-wrapper event=session-end ts=1791219521

=== pipeline-probe-bound ===

--- pane.out ---

⛵ deck working - ctrl+c to stop
echo: write-status
── turn finished 2026-09-24T17:01Z (1 model calls)

⛵ no-mistakes run 01PIPE still working; the next turn starts when it changes state.

idle since 2026-10-05T16:58Z
❯ 
--- t1.busy-state ---
v1 gen=g1791219503.81520.30363 seq=4 state=idle source=deck-wrapper event=session-end ts=1791219511

=== pipeline-probe-quit ===

--- pane.out ---

⛵ deck working - ctrl+c to stop
echo: write-status
── turn finished 2026-09-24T17:01Z (1 model calls)

⛵ no-mistakes run 01PIPE still working; the next turn starts when it changes state.

idle since 2026-10-05T16:58Z
❯ 
--- t1.busy-state ---
v1 gen=g1791219493.78994.17742 seq=4 state=idle source=deck-wrapper event=session-end ts=1791219497

=== pipeline-probe-steer ===

--- pane.out ---

⛵ deck working - ctrl+c to stop
echo: write-status
── turn finished 2026-09-24T17:01Z (1 model calls)

⛵ no-mistakes run 01PIPE still working; the next turn starts when it changes state.

idle since 2026-10-05T16:58Z
❯ 
⛵ deck working - ctrl+c to stop
echo: steer write-status
── turn finished 2026-09-24T17:01Z (1 model calls)

idle since 2026-10-05T16:58Z
❯ 
--- t1.busy-state ---
v1 gen=g1791219498.80130.3208 seq=6 state=idle source=deck-wrapper event=session-end ts=1791219503

=== pipeline-steer ===

--- pane.out ---

⛵ deck working - ctrl+c to stop
echo: write-status
── turn finished 2026-09-24T17:01Z (1 model calls)

⛵ no-mistakes run 01PIPE still working; the next turn starts when it changes state.

idle since 2026-10-05T16:57Z
❯ 
⛵ deck working - ctrl+c to stop
echo: steer write-status
── turn finished 2026-09-24T17:01Z (1 model calls)

⛵ no-mistakes run 01PIPE still working; the next turn starts when it changes state.

idle since 2026-10-05T16:57Z
❯ 
--- t1.busy-state ---
v1 gen=g1791219473.74496.26405 seq=6 state=idle source=deck-wrapper event=session-end ts=1791219475

=== pipeline-successor ===

--- pane.out ---

⛵ deck working - ctrl+c to stop
echo: write-status
── turn finished 2026-09-24T17:01Z (1 model calls)

⛵ no-mistakes run (id unavailable) still working; the next turn starts when it changes state.

idle since 2026-10-05T16:57Z
❯ 
⛵ deck working - ctrl+c to stop
echo: Your no-mistakes run 01PIPE changed state while this session was idle: state: parked · source: run-step · parked at review. Check it with no-mistakes axi status and continue per your brief, then append the matching status line.
── turn finished 2026-09-24T17:01Z (1 model calls)

idle since 2026-10-05T16:57Z
❯ 
--- t1.busy-state ---
v1 gen=g1791219470.73517.15439 seq=6 state=idle source=deck-wrapper event=session-end ts=1791219473

=== pipeline-unreadable ===

--- pane.out ---

⛵ deck working - ctrl+c to stop
echo: write-status
── turn finished 2026-09-24T17:01Z (1 model calls)

⛵ no-mistakes run 01PIPE still working; the next turn starts when it changes state.

idle since 2026-10-05T16:58Z
❯ 
⛵ deck working - ctrl+c to stop
echo: Your no-mistakes run 01PIPE changed state while this session was idle: state: parked · source: run-step · parked at review. Check it with no-mistakes axi status and continue per your brief, then append the matching status line.
── turn finished 2026-09-24T17:01Z (1 model calls)

idle since 2026-10-05T16:58Z
❯ 
--- inconclusive-state.out ---
state: unknown · source: pane · harness state unavailable (unknown source-mismatch)

--- t1.busy-state ---
v1 gen=g1791219487.77501.16940 seq=6 state=idle source=deck-wrapper event=session-end ts=1791219493

=== pipeline-wake ===

--- pane.out ---

⛵ deck working - ctrl+c to stop
echo: write-status
── turn finished 2026-09-24T17:01Z (1 model calls)

⛵ no-mistakes run 01PIPE still working; the next turn starts when it changes state.

idle since 2026-10-05T16:57Z
❯ 
⛵ deck working - ctrl+c to stop
echo: Your no-mistakes run 01PIPE changed state while this session was idle: state: parked · source: run-step · parked at review. Check it with no-mistakes axi status and continue per your brief, then append the matching status line.
── turn finished 2026-09-24T17:01Z (1 model calls)

idle since 2026-10-05T16:57Z
❯ 
⛵ deck working - ctrl+c to stop
echo: answer write-status
── turn finished 2026-09-24T17:01Z (1 model calls)

⛵ no-mistakes run 01PIPE still working; the next turn starts when it changes state.

idle since 2026-10-05T16:57Z
❯ 
⛵ deck working - ctrl+c to stop
echo: Your no-mistakes run 01PIPE changed state while this session was idle: state: done · source: run-step · run passed: PR merged/closed. Check it with no-mistakes axi status and continue per your brief, then append the matching status line.
── turn finished 2026-09-24T17:01Z (1 model calls)

idle since 2026-10-05T16:57Z
❯ 
--- t1.busy-state ---
v1 gen=g1791219459.70792.18407 seq=10 state=idle source=deck-wrapper event=session-end ts=1791219470
