FM_TEST_BEGIN 2026-09-29T17:48:23Z tests/fm-procevent.test.sh family=standalone expected_gate_skip=none
ok - no configured source means no generated state and no process
ok - one blocking completion yields exactly one bounded normalized event
ok - a home reached through a symlinked ancestor runs its sources normally
not-autohandled: direct-src (left for the handler; still unacknowledged)
ok - public start owns the process group recorded by its claim
ok - public start never claims an inherited caller process group
ok - an unhandled result survives restart and repeat drains, and only explicit acknowledgement stops its re-announcement
ok - publication cannot race a handled acknowledgement
ok - handled acknowledgement creation is private and fails safely
ok - automatic application waits for durable publication and failed publication remains recoverable
ok - a self-announcing adapter applies quietly and still publishes what it could not apply
not-autohandled: ends-src (left for the handler; still unacknowledged)
ok - an adapter-classified terminal result is captured once, announced, and retires its source automatically
not-autohandled: open-src (left for the handler; still unacknowledged)
ok - a source stays armed unless its own adapter classifies the result terminal
not-autohandled: replace-src (left for the handler; still unacknowledged)
ok - terminal retirement preserves and releases a concurrently replaced registration
ok - failed terminal retirement is fail-closed and idempotently recoverable
ok - one Send & End yields exactly one captured result, automatic retirement, and no recurring poll
ok - an empty board close is captured and recorded handled without ever waking the captain
ok - a board close carrying the captain's real answer is still announced
ok - the shipped poll governor bounds an instantly returning source
ok - a transient Lavish poll interruption is retried quietly and never announced
not-autohandled: lavish-6cf3c68d742a6222 (left for the handler; still unacknowledged)
ok - an interruption that outlives the bounded retries is captured and announced
not-autohandled: lavish-9b7cc1b363b954e3 (left for the handler; still unacknowledged)
ok - only the exact interruption is retried; an unrelated SERVER_ERROR still surfaces
not-autohandled: lavish-9dd81c1c46a74ab7 (left for the handler; still unacknowledged)
ok - only the literal two-line interruption enters the quiet retry policy
ok - arm rejects malformed and out-of-range retry delays before registration
ok - poll cleanup safely handles an apostrophe-containing TMPDIR
ok - Lavish classification staging stays bounded while nonmatches stream
ok - a drained-but-unhandled result survives a replacement session and is retired only by explicit handling, never twice
ok - pending results preserve numeric order and distinct wake identity
ok - one owner per canonical source across homes
ok - retiring a never-completing source stops its runner and its blocked child
ok - reconcile reaps a runner whose source registration is gone
not-autohandled: stale-src (left for the handler; still unacknowledged)
ok - stale-owner recovery removes abandoned output without displacing a live owner
not-autohandled: cross-home-src (left for the handler; still unacknowledged)
ok - cross-home stale recovery removes abandoned output from the old state directory
not-autohandled: race-src (left for the handler; still unacknowledged)
ok - concurrent stale-claim replacement starts exactly one runner
ok - an ambiguous leaderless group is preserved without replacement
ok - a truly dead generation with no surviving group is still safely reclaimed
ok - reconcile reclaims a dead generation whose state-root identity no longer matches
ok - retire releases a dead generation's claim instead of refusing forever
ok - a live generation is never reclaimed, drifted state root or not
ok - a reused pid never makes its surviving process group reclaimable
ok - start reclaims a reused-pid claim whose leftovers can still be tidied
ok - a launch that cannot confirm is announced once per failure episode
ok - a 64-char source id keeps the launch-failed key within the watcher's marker bound
ok - reconcile reports a launch it could not confirm instead of counting it as a start
ok - a launch that finished before confirmation looked is still reported as started
not ok - a live claim hidden behind a held source lock lost its launch: reconciled: published=0 started=1 stopped=0 uncertain=0 failed=1 (missing: 'started=2')
--- output ---
reconciled: published=0 started=1 stopped=0 uncertain=0 failed=1
FM_TEST_END 2026-09-29T17:54:50Z tests/fm-procevent.test.sh exit=1 duration_ms=385986 gate_skip=false
FM_TEST_SUMMARY total=1 failed=1 skipped_gate=0 duration_ms=387003
FM_TEST_SUMMARY_FAMILY family=standalone count=1 duration_ms=385986 failed=1
FM_TEST_SLOWEST rank=1 script=tests/fm-procevent.test.sh duration_ms=385986
