FM_TEST_BEGIN 2026-09-29T19:56:24Z tests/fm-procevent.test.sh family=standalone expected_gate_skip=none
ok - no configured source means no generated state and no process
ok - one blocking completion yields exactly one bounded normalized event
ok - a home reached through a symlinked ancestor runs its sources normally
not-autohandled: direct-src (left for the handler; still unacknowledged)
ok - public start owns the process group recorded by its claim
ok - public start never claims an inherited caller process group
ok - an unhandled result survives restart and repeat drains, and only explicit acknowledgement stops its re-announcement
ok - publication cannot race a handled acknowledgement
ok - handled acknowledgement creation is private and fails safely
ok - automatic application waits for durable publication and failed publication remains recoverable
ok - a self-announcing adapter applies quietly and still publishes what it could not apply
not-autohandled: ends-src (left for the handler; still unacknowledged)
ok - an adapter-classified terminal result is captured once, announced, and retires its source automatically
not-autohandled: open-src (left for the handler; still unacknowledged)
ok - a source stays armed unless its own adapter classifies the result terminal
not-autohandled: replace-src (left for the handler; still unacknowledged)
ok - terminal retirement preserves and releases a concurrently replaced registration
ok - failed terminal retirement is fail-closed and idempotently recoverable
ok - one Send & End yields exactly one captured result, automatic retirement, and no recurring poll
ok - an empty board close is captured and recorded handled without ever waking the captain
ok - a board close carrying the captain's real answer is still announced
ok - the shipped poll governor bounds an instantly returning source
ok - a transient Lavish poll interruption is retried quietly and never announced
not-autohandled: lavish-35d24a306fdfa09d (left for the handler; still unacknowledged)
ok - an interruption that outlives the bounded retries is captured and announced
not-autohandled: lavish-524e97ae6669c460 (left for the handler; still unacknowledged)
ok - only the exact interruption is retried; an unrelated SERVER_ERROR still surfaces
not-autohandled: lavish-2ec10b4a81a01744 (left for the handler; still unacknowledged)
ok - only the literal two-line interruption enters the quiet retry policy
ok - arm rejects malformed and out-of-range retry delays before registration
ok - poll cleanup safely handles an apostrophe-containing TMPDIR
ok - Lavish classification staging stays bounded while nonmatches stream
ok - a drained-but-unhandled result survives a replacement session and is retired only by explicit handling, never twice
ok - pending results preserve numeric order and distinct wake identity
ok - one owner per canonical source across homes
ok - retiring a never-completing source stops its runner and its blocked child
ok - reconcile reaps a runner whose source registration is gone
not-autohandled: stale-src (left for the handler; still unacknowledged)
ok - stale-owner recovery removes abandoned output without displacing a live owner
not-autohandled: cross-home-src (left for the handler; still unacknowledged)
ok - cross-home stale recovery removes abandoned output from the old state directory
not ok - no contender acquired the stale claim
/Users/bastotecnologia/.no-mistakes/worktrees/5a1fd3284f12/01M3Q2CVXNFM8FR64YHCHYYB7T/bin/fm-procevent.sh: line 803: 24453 Terminated: 15          "${ARGV[@]}" 1>&5 5>&- 4>&- 2> /dev/null
/Users/bastotecnologia/.no-mistakes/worktrees/5a1fd3284f12/01M3Q2CVXNFM8FR64YHCHYYB7T/bin/fm-procevent.sh: line 803: 25053 Terminated: 15          perl -e '
      use strict;
      use warnings;
      my $limit = shift;
      my ($written, $truncated) = (0, 0);
      while (1) {
        my $count = sysread(STDIN, my $buffer, 65536);
        exit 2 unless defined $count;
        last if $count == 0;
        my $take = $written < $limit ? $limit - $written : 0;
        $take = $count if $take > $count;
        if ($take > 0) {
          my $offset = 0;
          while ($offset < $take) {
            my $count_written = syswrite(STDOUT, $buffer, $take - $offset, $offset);
            exit 2 unless defined $count_written;
            $offset += $count_written;
          }
          $written += $take;
        }
        $truncated = 1 if $take < $count;
      }
      exit($truncated ? 3 : 0);
    ' "$MAX_OUTPUT_BYTES" 0<&4 > "$out"
FM_TEST_END 2026-09-29T19:58:51Z tests/fm-procevent.test.sh exit=1 duration_ms=147018 gate_skip=false
FM_TEST_SUMMARY total=1 failed=1 skipped_gate=0 duration_ms=147308
FM_TEST_SUMMARY_FAMILY family=standalone count=1 duration_ms=147018 failed=1
FM_TEST_SLOWEST rank=1 script=tests/fm-procevent.test.sh duration_ms=147018
