FM_TEST_BEGIN 2026-09-29T20:42:10Z tests/fm-remote-reply.test.sh family=secondmate expected_gate_skip=none
ok - a blocking non-destructive remote delta reaches durable process-event capture
ok - a captured delta is applied, acknowledged, and re-armed without a handler

REMOTE REPLY EVIDENCE (real scripts and worker; SSH transport is stubbed)
autohandled: remote-reply-ios
cannot retire terminal source; it remains registered: remote-reply-ios
captured: /Users/bastotecnologia/.no-mistakes/worktrees/5a1fd3284f12/01M3Q2CVXNFM8FR64YHCHYYB7T/.test-tmp/fm-remote-reply.2bxDN7/parent/state/procevent-inbox/remote-reply-ios.1.result
Captured delta protocol:
schema=fm-remote-delta.v1
status=delta
path=state/parent-replies.status
from_offset=0
to_offset=68
from_prefix_sha256=e3b0c44298fc1c149afbf4c8996fb92427ae41e4649b934ca495991b7852b855
to_prefix_sha256=035d277bbb571959b098889c7493301c705a7102fc923fb7647c02c2625a0f80
payload_sha256=035d277bbb571959b098889c7493301c705a7102fc923fb7647c02c2625a0f80
payload_bytes=68
reason=

done [corr=0123456789abcdef]: build verified (data/reply/report.md)
Mirrored status stream:
done [corr=0123456789abcdef]: build verified (data/remote-secondmates/ios/data/reply/report.md)
Committed cursor protocol:
schema=fm-remote-reply-cursor.v1
offset=68
prefix_sha256=035d277bbb571959b098889c7493301c705a7102fc923fb7647c02c2625a0f80
Durable handled marker present and next source re-armed.
ok - ingest appends one validated line, fetches its document, and advances the cursor
ok - replayed capture has one deduplicated append and one durable handling identity
cannot retire terminal source; it remains registered: remote-reply-ios
cannot retire terminal source; it remains registered: remote-reply-ios
ok - later generations cannot invalidate an unacknowledged ingested result
cannot retire terminal source; it remains registered: remote-reply-ios
ok - the remote status and decision model mirrors and the cursor advances
ok - a remote mate's new decision folds open exactly as a local mate's does
ok - a replayed mirrored delta is idempotent in both the stream and the cursor
cannot retire terminal source; it remains registered: remote-reply-ios
ok - transported control bytes are normalized in place and never stop the stream
cannot retire terminal source; it remains registered: remote-reply-ios
ok - payload protocol-field names cannot collide with transport metadata
cannot retire terminal source; it remains registered: remote-reply-ios
ok - NUL bytes are normalized in place before shell line processing
ok - local document storage failures remain retryable until delivery succeeds
ok - a mirrored reserved-key line cannot squat or clear the parent's own decision
ok - a reply that arrives after escalation resolves it and clears the open decision
ok - a preempted reply poll cannot publish channel freshness
ok - a quiet reply window publishes the caught-up watermark the reply guard reads
ok - a cursor-loss whole-log recapture is acknowledged quietly with no duplicate wake
ok - truncation is detected, escalated once, and not silently rebased
ok - remote reply retirement quiesces and refuses unhandled captured results
ALL TESTS PASSED
FM_TEST_END 2026-09-29T20:43:42Z tests/fm-remote-reply.test.sh exit=0 duration_ms=91822 gate_skip=false
FM_TEST_SUMMARY total=1 failed=0 skipped_gate=0 duration_ms=92123
FM_TEST_SUMMARY_FAMILY family=secondmate count=1 duration_ms=91822 failed=0
FM_TEST_SLOWEST rank=1 script=tests/fm-remote-reply.test.sh duration_ms=91822
