FM_TEST_BEGIN 2026-09-29T19:59:35Z tests/fm-procevent.test.sh family=standalone expected_gate_skip=none
SOURCE                       ADAPTER      OWNER      PENDING
race-src                     lavish       live       0
Stale-claim race protocol state:
/Users/bastotecnologia/.no-mistakes/worktrees/5a1fd3284f12/01M3Q2CVXNFM8FR64YHCHYYB7T/.test-tmp/fm-procevent-tests.qjC7bw/hr
1119
.claim.Kpodag-1119
Tue Sep 29 16:59:39 2026     bash /Users/bastotecnologia/.no-mistakes/worktrees/5a1fd3284f12/01M3Q2CVXNFM8FR64YHCHYYB7T/bin/fm-procevent.sh _start race-src
/Users/bastotecnologia/.no-mistakes/worktrees/5a1fd3284f12/01M3Q2CVXNFM8FR64YHCHYYB7T/.test-tmp/fm-procevent-tests.qjC7bw/hr/state/procevent
16777233:528934423
active
/Users/bastotecnologia/.no-mistakes/worktrees/5a1fd3284f12/01M3Q2CVXNFM8FR64YHCHYYB7T/.test-tmp/fm-procevent-tests.qjC7bw/hr/state
16777233
528934401
501
755
Contender output:
already owned: race-src
already owned: race-src
already owned: race-src
already owned: race-src
already owned: race-src
already owned: race-src
already owned: race-src
already owned: race-src
already owned: race-src
already owned: race-src
already owned: race-src
already owned: race-src
already owned: race-src
already owned: race-src
already owned: race-src
already owned: race-src
already owned: race-src
already owned: race-src
already owned: race-src
already owned: race-src
already owned: race-src
already owned: race-src
already owned: race-src
not ok - no contender acquired the stale claim
FM_TEST_END 2026-09-29T19:59:59Z tests/fm-procevent.test.sh exit=1 duration_ms=23277 gate_skip=false
FM_TEST_SUMMARY total=1 failed=1 skipped_gate=0 duration_ms=23865
FM_TEST_SUMMARY_FAMILY family=standalone count=1 duration_ms=23277 failed=1
FM_TEST_SLOWEST rank=1 script=tests/fm-procevent.test.sh duration_ms=23277
