FM_TEST_BEGIN 2026-10-04T22:53:10Z tests/fm-stream-bridge.test.sh family=unclassified expected_gate_skip=none
ok - bridge: recorded hub traffic replays into the Bridge UI's record shape
ok - bridge: only an exit the owning agent reported becomes Stopped or Failed
ok - bridge: malformed recordings are refused and malformed endpoints left out
ok - bridge: a leaf is emitted once from the hub's current execution
ok - bridge: a snapshot reads a real hub's registrations and closes
ok - bridge: a real agent's reported worker exit reaches the Bridge
ok - bridge: serve streams every tick and goes silent while the hub is gone
ok - bridge: wrong credentials and incompatible hubs are refused during negotiation
ok - bridge: commands rebind atomically to the active hub generation
ok - bridge: a composer command reaches the worker and is acknowledged
ok - bridge: a reused command id refuses a different payload
ok - bridge: a command for a worker its agent reported gone is nacked
ok - bridge: a command aimed at a replaced execution is refused without claiming absence
ok - bridge: commands require the execution they were composed against
ok - bridge: commands for another or missing fleet are nacked
ok - bridge: command exits on EOF or bounded post-record stdin inactivity
ok - bridge: an unconfirmed order settles passively after its late native result
ok - bridge: passive reconciliation failures preserve honest pending/error semantics
open original reconcile exit=3 stdout={"record":"command_pending","command_id":"open-original"}
open original journal={"delivered": null, "execution_id": "1234567890abcdef1234567890abcdef", "leaf_worker_id": "box-a/open-66960", "ok": true, "order_id": "open-original", "outcome": "unconfirmed", "reason": "no_agent_ack", "reason_message": "the owning agent took the order and has not acknowledged it, so whether the worker received it is not known", "requested_at": 1791154448.090219, "requested_execution_id": "1234567890abcdef1234567890abcdef", "worker_gone": false}
open original reconcile exit=0 stdout={"record":"command_ack","command_id":"open-original","leaf_worker_id":"box-a/open-66960","state":"accepted","received_at_utc":"2026-10-04T22:54:10Z"}
open original reconcile exit=0 stdout={"record":"command_ack","command_id":"open-original","leaf_worker_id":"box-a/open-66960","state":"accepted","received_at_utc":"2026-10-04T22:54:10Z"}
after repeated reconciliation: commands=[] original_process_running=true endpoint=1234567890abcdef1234567890abcdef closed_at=null
ok - bridge: repeated passive reconciliation preserves the open original command process
ok - bridge: a command that names no worker stays pending rather than nacked
ok - bridge: the comparison harness sets rendered states against crew state
FM_TEST_END 2026-10-04T22:54:11Z tests/fm-stream-bridge.test.sh exit=0 duration_ms=61715 gate_skip=false
FM_TEST_SUMMARY total=1 failed=0 skipped_gate=0 duration_ms=61897
FM_TEST_SUMMARY_FAMILY family=unclassified count=1 duration_ms=61715 failed=0
FM_TEST_SLOWEST rank=1 script=tests/fm-stream-bridge.test.sh duration_ms=61715
