FM_TEST_BEGIN 2026-10-04T22:51:11Z tests/fm-stream-bridge.test.sh family=unclassified expected_gate_skip=none
ok - bridge: recorded hub traffic replays into the Bridge UI's record shape
ok - bridge: only an exit the owning agent reported becomes Stopped or Failed
ok - bridge: malformed recordings are refused and malformed endpoints left out
ok - bridge: a leaf is emitted once from the hub's current execution
ok - bridge: a snapshot reads a real hub's registrations and closes
ok - bridge: a real agent's reported worker exit reaches the Bridge
ok - bridge: serve streams every tick and goes silent while the hub is gone
ok - bridge: wrong credentials and incompatible hubs are refused during negotiation
ok - bridge: commands rebind atomically to the active hub generation
ok - bridge: a composer command reaches the worker and is acknowledged
ok - bridge: a reused command id refuses a different payload
ok - bridge: a command for a worker its agent reported gone is nacked
ok - bridge: a command aimed at a replaced execution is refused without claiming absence
ok - bridge: commands require the execution they were composed against
ok - bridge: commands for another or missing fleet are nacked
ok - bridge: command exits on EOF or bounded post-record stdin inactivity
ok - bridge: an unconfirmed order settles passively after its late native result
ok - bridge: passive reconciliation failures preserve honest pending/error semantics
open original reconcile exit=3 stdout={"record":"command_pending","command_id":"open-original"}
open original journal={"delivered": null, "execution_id": "1234567890abcdef1234567890abcdef", "leaf_worker_id": "box-a/open-95192", "ok": true, "order_id": "open-original", "outcome": "unconfirmed", "reason": "no_agent_ack", "reason_message": "the owning agent took the order and has not acknowledged it, so whether the worker received it is not known", "requested_at": 1791154326.5478241, "requested_execution_id": "1234567890abcdef1234567890abcdef", "worker_gone": false}
open original reconcile exit=0 stdout={"record":"command_ack","command_id":"open-original","leaf_worker_id":"box-a/open-95192","state":"accepted","received_at_utc":"2026-10-04T22:52:08Z"}
open original reconcile exit=0 stdout={"record":"command_ack","command_id":"open-original","leaf_worker_id":"box-a/open-95192","state":"accepted","received_at_utc":"2026-10-04T22:52:08Z"}
after repeated reconciliation: commands=[] original_process_running=true endpoint=1234567890abcdef1234567890abcdef closed_at=null
ok - bridge: repeated passive reconciliation preserves the open original command process
ok - bridge: a command that names no worker stays pending rather than nacked
ok - bridge: the comparison harness sets rendered states against crew state
FM_TEST_END 2026-10-04T22:52:09Z tests/fm-stream-bridge.test.sh exit=0 duration_ms=58510 gate_skip=false
FM_TEST_BEGIN 2026-10-04T22:52:09Z tests/fm-stream-hub-rust.test.sh family=unclassified expected_gate_skip=none
    Finished `dev` profile [unoptimized + debuginfo] target(s) in 0.23s
python passive journal: [200, {"delivered": true, "execution_id": "aaaaaaaaaaaaaaaaaaaaaaaaaaaaaaaa", "leaf_worker_id": "box/worker", "ok": true, "order_id": "late", "outcome": "accepted", "requested_at": 1791154330.802565, "requested_execution_id": "aaaaaaaaaaaaaaaaaaaaaaaaaaaaaaaa", "worker_gone": false}]
python passive journal: [200, {"delivered": false, "execution_id": "aaaaaaaaaaaaaaaaaaaaaaaaaaaaaaaa", "leaf_worker_id": "box/worker", "ok": true, "order_id": "nack", "outcome": "refused", "reason": "agent_refused", "reason_message": "agent says no", "requested_at": 1791154331.198643, "requested_execution_id": "aaaaaaaaaaaaaaaaaaaaaaaaaaaaaaaa", "worker_gone": false}]
rust passive journal: [200, {"delivered": true, "execution_id": "aaaaaaaaaaaaaaaaaaaaaaaaaaaaaaaa", "leaf_worker_id": "box/worker", "ok": true, "order_id": "late", "outcome": "accepted", "requested_at": 1791154338.920451, "requested_execution_id": "aaaaaaaaaaaaaaaaaaaaaaaaaaaaaaaa", "worker_gone": false}]
rust passive journal: [200, {"delivered": false, "execution_id": "aaaaaaaaaaaaaaaaaaaaaaaaaaaaaaaa", "leaf_worker_id": "box/worker", "ok": true, "order_id": "nack", "outcome": "refused", "reason": "agent_refused", "reason_message": "agent says no", "requested_at": 1791154339.324812, "requested_execution_id": "aaaaaaaaaaaaaaaaaaaaaaaaaaaaaaaa", "worker_gone": false}]
differential: 187 HTTP/stream observations and Python agent/bridge lifecycle match
measurements: {"python": {"frame_mib_per_second": 1.45, "rss_kib": 33584, "startup_ms": 119.69}, "rust": {"frame_mib_per_second": 0.56, "rss_kib": 5920, "startup_ms": 73.92}}
ok - Rust hub: HTTP, stream, order and Python peer compatibility
FM_TEST_END 2026-10-04T22:52:34Z tests/fm-stream-hub-rust.test.sh exit=0 duration_ms=24613 gate_skip=false
FM_TEST_SUMMARY total=2 failed=0 skipped_gate=0 duration_ms=83241
FM_TEST_SUMMARY_FAMILY family=unclassified count=2 duration_ms=83123 failed=0
FM_TEST_SLOWEST rank=1 script=tests/fm-stream-bridge.test.sh duration_ms=58510
FM_TEST_SLOWEST rank=2 script=tests/fm-stream-hub-rust.test.sh duration_ms=24613
