FM_TEST_BEGIN 2026-10-05T19:15:32Z tests/fm-lint.test.sh family=pure-contract-unit expected_gate_skip=none
FM_TEST_BEGIN 2026-10-05T19:15:33Z tests/fm-test-run.test.sh family=pure-contract-unit expected_gate_skip=none
ok - exact suite coverage: --all lists every tests/*.test.sh once
ok - family selection returns a proper subset of the suite
ok - single-script selection lists exactly that path
ok - changed-file selection stays conservative (never silent full suite)
ok - a task marker refuses execution in the primary checkout and leaves worktrees and inspection alone
ok - runner and its documentation surfaces select their curated family, not just their contract owners
ok - shell line-ending policy selects runner coverage
fm-test-run: no tests selected for changes vs HEAD (map is conservative; use --all for the complete suite)
ok - changed selection covers dependents, fails closed for live unmapped source, and accepts retired unconsumed source
ok - a bin reference selects the referencing scripts, and consumers still select their curated families
ok - changed defaults to bounded automatic scheduling with serial override
ok - Windows emulation exempts only synthetic POSIX modes
ok - a plain script list defaults to bounded automatic concurrency without an automatic timeout
ok - family proofs run concurrently only within separate family phases
ok - empty changed selection emits deterministic text and JSON summaries
ok - timing markers and JSON artifact are valid
ok - aggregate exit reflects any script failure
ok - gate-skip accounting is honest and non-failing
ok - a gate skip records why it skipped
ok - a script that actually ran records no skip reason
not ok - a disabled live guard must not fail the runner: fm-test-run: wrote timing artifact: /Users/bastotecnologia/.no-mistakes/worktrees/5a1fd3284f12/01M46Q2XHFD82QPTH8MD7GY2KA/.tmp-test-phase/fm-test-run.BU3Plk/w2/tmp/fm-test-run-liveclass.IbxrgZ/timing.json
FM_TEST_END 2026-10-05T19:22:08Z tests/fm-test-run.test.sh exit=1 duration_ms=395655 gate_skip=false
