FM_TEST_BEGIN 2026-09-23T14:10:17Z tests/fm-deck-harness.test.sh family=pure-contract-unit expected_gate_skip=none
ok - Deck host preserves handling-successor supervision without parent turn-end wakes
ok - fm-deck-worker: the brief and later prompts are turns of one Deck session with hooks and model
ok - fm-deck-worker: turns open and close the deck-wrapper busy record and touch turn-end
ok - fm-deck-worker: busy-state failures stop turns and publish status evidence
ok - fm-deck-worker: turn-end publication refuses unsafe targets
ok - fm-deck-worker: the evidence gate refuses a silent turn and passes one that reported
ok - fm-deck-worker: Deck stderr cannot break completion-blocked rendering
ok - fm-deck-worker: Firstmate bookkeeping cannot satisfy worker evidence
ok - fm-deck-worker: status evidence never follows symlinked or non-regular paths
ok - fm-deck-worker: silent and failed turns gain status evidence before turn-end
ok - fm-deck-worker: Ctrl+C records evidence and returns the worker to its prompt
ok - fm-deck-worker: each completed turn leaves the next steer an idle baseline
ok - Deck stop: physical aliases and spaced paths stop the active Deck process
ok - Deck stop: stale secondmate drivers stop before replacement arming
tests/fm-deck-harness.test.sh: line 490: 89942 Killed: 9               FM_DECK_READY="$dir/ready" FM_DECK_SIGNALLED="$dir/signalled" python3 -c 'import os,sys; os.setsid(); os.execv("/bin/bash", ["fm-deck-worker"] + sys.argv[1:])' "$WORKER" --id owned --state "$dir/state" --gen "$gen" --deck "$dir/deck" -- old-brief < /dev/null > "$dir/pane.out" 2>&1
ok - Deck stop: exact task scope and bounded escalation remove survivors
ok - liveness: the deck driver and binary are agents, unrelated names are not
ok - tmux liveness: Deck's Linux comm and argv0 classify alive
ok - control and busy-source tables carry Deck mechanics without rendered delivery evidence
ok - Deck supervision autoarm remains scoped to secondmate launches
ok - fm-spawn: ordinary Deck dispatch records only default effort
ok - fm-spawn: Deck refuses unsupported effort before launch metadata
fm-deck-harness: all cases passed
FM_TEST_END 2026-09-23T14:11:23Z tests/fm-deck-harness.test.sh exit=0 duration_ms=65979 gate_skip=false
FM_TEST_BEGIN 2026-09-23T14:11:23Z tests/fm-control-relaunch.test.sh family=backend-dispatch expected_gate_skip=none
ok - fm-control relaunch: an existing secondmate migrates onto Deck
ok - fm-control relaunch: a same-harness relaunch replaces the agent in the same endpoint and worktree
ok - fm-control relaunch: pending composer text refuses before the exit command is typed
ok - fm-control relaunch: an unreadable composer fails safe before the exit command is typed
ok - fm-control relaunch: a linked spawning home preserves committed and unfinished work in the recorded copy
ok - fm-control relaunch: durable task metadata survives replacement launch publication
ok - fm-control relaunch: an armed merge poll survives the record rewrite
ok - fm-control relaunch: delivery and concurrent task metadata publication serialize
ok - fm-control relaunch: disabling tracing clears metadata and pane context
ok - fm-control relaunch: progress and the Firstmate-worktree worker identity reach the replacement
ok - fm-control relaunch: a ship task refuses without the progress note its replacement needs
ok - fm-control relaunch: switching harness is one ordinary relaunch, and the old wiring goes with the old agent
ok - fm-control relaunch: a harness switch resets model and effort unless they are named too
ok - fm-control relaunch: a prefixed recorded harness can switch adapters transactionally
ok - fm-control relaunch: a prefixed command requires an explicit replacement harness
ok - fm-control relaunch: a same-harness relaunch keeps the profile axes it was running with
ok - native Ultra relaunch preserves its profile and rejects an unsupported model before stopping
ok - fm-control relaunch: explicit model and effort win over the recorded ones
ok - fm-control relaunch: refuses to relaunch onto an adapter with no verified mechanics
ok - fm-control relaunch: verified Deck replaces an existing crewmate
ok - fm-control relaunch: stale Deck driver is gone before replacement launch
ok - fm-control relaunch: Deck control protocol precedes residual process cleanup
ok - fm-control relaunch: Deck effort refuses before stopping the agent
ok - fm-control relaunch: the retired incarnation's global turn-end token is revoked
ok - fm-control relaunch: wiring cleanup failure refuses replacement arming
ok - fm-control-lib: one owner resolves each harness's turn-end registry entry, and refuses a malformed token
ok - fm-control relaunch: a secondmate relaunch re-resolves its durable configured harness pin
ok - fm-control relaunch: invalid configured effort is ignored before stop
ok - fm-control relaunch: an adapter unverified for this task kind refuses before the agent is stopped
ok - fm-control relaunch: explicit secondmate harness resets unnamed profile axes
ok - fm-control relaunch: a ship task keeps its recorded harness instead of re-reading crew config
ok - fm-spawn --relaunch: with no explicit harness it reuses the task's recorded one, never the crew default
ok - fm-spawn --relaunch: stale Deck process stops before replacement launch
ok - fm-promote/fm-spawn --relaunch: the current ship contract supersedes stale scout delivery text
ok - fm-spawn --relaunch: wiring armed under a prefixed harness name is still retired
ok - fm-spawn --relaunch: switching away from muse retires its session binding
ok - fm-spawn --relaunch: switching away from cursor retires its session binding
ok - fm-control relaunch: an unaccountable local copy refuses before the agent is touched
ok - fm-control relaunch: a worker with nothing to work from is never launched
ok - fm-control relaunch: a refusal before the agent is stopped leaves the durable record untouched
ok - fm-control relaunch: checkpoint inspection failures refuse before stopping
ok - fm-control relaunch: a launch failure after the stop keeps the prior record and reports the real state
ok - fm-control relaunch: unpublished rollback keeps concurrent durable metadata
ok - fm-control relaunch: post-publication failure keeps the new durable record
ok - fm-control relaunch: partial stop reconciles actual agent state
ok - fm-control relaunch: failed journal replacement preserves durable phase
ok - fm-spawn relaunch: prepublication abort removes replacement state
ok - fm-control relaunch: the checkpoint records the exact unlanded work it preserved
ok - fm-control relaunch: a secondmate's child work is accounted for and its charter is left alone
ok - fm-control relaunch: a secondmate home that is not this secondmate's is refused
ok - fm-control relaunch: unreadable and untraversable child state fails checkpoint
ok - fm-control relaunch: two control actions on one task serialize instead of interleaving
ok - fm-spawn relaunch: direct entry participates in lifecycle serialization
ok - fm-promote: promotion participates in lifecycle serialization
ok - fm-spawn --relaunch: refuses to launch a second agent into a live endpoint
ok - fm-spawn --relaunch: symlinked records refuse before inspection
ok - fm-spawn --relaunch: keeps its early meta lock continuous
ok - fm-spawn --relaunch: pending closes refuse before replacement begins
ok - fm-spawn --relaunch: every identity axis comes from the record, and a contradicting flag refuses
ok - fm-spawn --relaunch: an unrecorded task is refused
ok - fm-spawn --relaunch: refuses to start a replacement outside the copy holding its work
ok - relaunch re-reads the backlog item instead of blindly re-running the transition
ok - relaunch heals an item that drifted out of In flight while the task stayed live
ok - relaunch recovers a dependency-blocked In-flight task without changing its blocker
ok - relaunch leaves a blocked Queued task and its existing worker untouched
ok - relaunch leaves a held In-flight task and its existing worker untouched
ok - same-harness relaunch preserves the logical account slot from the local binding alone
ok - explicit default and harness switches clear prior account bindings
ok - relaunch validates the local binding before stopping the old worker
ok - direct spawn relaunch rechecks the recorded secondmate kind before account selection
FM_TEST_END 2026-09-23T14:16:11Z tests/fm-control-relaunch.test.sh exit=0 duration_ms=287763 gate_skip=false
FM_TEST_SUMMARY total=2 failed=0 skipped_gate=0 duration_ms=354431
FM_TEST_SUMMARY_FAMILY family=backend-dispatch count=1 duration_ms=287763 failed=0
FM_TEST_SUMMARY_FAMILY family=pure-contract-unit count=1 duration_ms=65979 failed=0
FM_TEST_SLOWEST rank=1 script=tests/fm-control-relaunch.test.sh duration_ms=287763
FM_TEST_SLOWEST rank=2 script=tests/fm-deck-harness.test.sh duration_ms=65979
