FM_TEST_BEGIN 2026-09-22T18:23:42Z tests/fm-teardown.test.sh family=pr-forge expected_gate_skip=none
ok - local-only worktree with HEAD on a fork remote is torn down and the home summary is refreshed
ok - teardown refuses unsafe wake-gate state before destructive cleanup
ok - teardown preflights the optional wake-gate runtime before destructive cleanup
●━━━━━━━━━━━━━━━━━━━━━━━━━━━━━━━━━━━━━━━━━━━━━━━━━━━━━━━━━━━━━━━━━━━━━━━
●  WATCHER DOWN - SUPERVISION IS OFF
●  1 task(s) in flight, but no live watcher process holds this home lock (last beat: 1s ago).
●  Trust the emitted supervision protocol for this harness; do not use shell & for watcher repair.
●  This is a supervision warning only; the guarded operation WILL still run.
●  repair a missing or failed watcher cycle with the Pi tool fm_watch_arm_pi, or restart Pi with -e /Users/bastotecnologia/.no-mistakes/worktrees/5a1fd3284f12/01M34QFFNA8GHX8N66YZVVJXKG/.pi/extensions/fm-primary-turnend-guard.ts -e /Users/bastotecnologia/.no-mistakes/worktrees/5a1fd3284f12/01M34QFFNA8GHX8N66YZVVJXKG/.pi/extensions/fm-primary-pi-watch.ts if the extensions are not loaded.
●━━━━━━━━━━━━━━━━━━━━━━━━━━━━━━━━━━━━━━━━━━━━━━━━━━━━━━━━━━━━━━━━━━━━━━━
ok - teardown closes its own backlog item before reporting success
●━━━━━━━━━━━━━━━━━━━━━━━━━━━━━━━━━━━━━━━━━━━━━━━━━━━━━━━━━━━━━━━━━━━━━━━
●  WATCHER DOWN - SUPERVISION IS OFF
●  1 task(s) in flight, but no live watcher process holds this home lock (last beat: 1s ago).
●  Trust the emitted supervision protocol for this harness; do not use shell & for watcher repair.
●  This is a supervision warning only; the guarded operation WILL still run.
●  repair a missing or failed watcher cycle with the Pi tool fm_watch_arm_pi, or restart Pi with -e /Users/bastotecnologia/.no-mistakes/worktrees/5a1fd3284f12/01M34QFFNA8GHX8N66YZVVJXKG/.pi/extensions/fm-primary-turnend-guard.ts -e /Users/bastotecnologia/.no-mistakes/worktrees/5a1fd3284f12/01M34QFFNA8GHX8N66YZVVJXKG/.pi/extensions/fm-primary-pi-watch.ts if the extensions are not loaded.
●━━━━━━━━━━━━━━━━━━━━━━━━━━━━━━━━━━━━━━━━━━━━━━━━━━━━━━━━━━━━━━━━━━━━━━━
ok - teardown honors config/backlog-backend=manual and still finishes cleanly
ok - local-only worktree with truly unpushed work is refused (safety preserved)
ok - local-only worktree with work merged into local main is torn down (no regression)
ok - no-mistakes worktree with HEAD on origin is torn down (no regression)
ok - no-mistakes worktree with genuinely unlanded work is refused (safety preserved)
ok - local-only worktree with unpushed work is torn down under --force (escape hatch)
ok - fm-pr-check publishes the PR-ready line on a secondmate's parent channel once
ok - a secondmate home's teardown delivers the child's final line or refuses until it can
ok - teardown completes when an exact busy-state sidecar is already absent
ok - herdr teardown removes pane-owned escalation dedupe state
ok - herdr flat teardown refuses before returning the isolated copy under lock contention and the retry completes cleanly
ok - herdr flat teardown never erases records when pane presence is unparseable
not ok - herdr-preflight-missing-adapter: teardown continued without its required preflight
FM_TEST_END 2026-09-22T18:25:11Z tests/fm-teardown.test.sh exit=1 duration_ms=89534 gate_skip=false
FM_TEST_SUMMARY total=1 failed=1 skipped_gate=0 duration_ms=89832
FM_TEST_SUMMARY_FAMILY family=pr-forge count=1 duration_ms=89534 failed=1
FM_TEST_SLOWEST rank=1 script=tests/fm-teardown.test.sh duration_ms=89534
