FM_TEST_BEGIN 2026-10-01T06:46:43Z tests/fm-model-chain.test.sh family=unclassified expected_gate_skip=none
ok - parsing follows the branch idiom including loud refusals
ok - fall-through records refusals with the branch backoff
ok - label decoding round-trips ids and refuses provider pipes
ok - backoff streaks reset once a cooldown has expired
ok - the cooldown lock is per lane, beside that lane's state file
ok - cooldown expiry and clearing restore the head of the chain
ok - exhaustion refuses with a clear reason and no substitution
ok - a single-label --model stays an exact pin with no lane or chain disclosure
ok - a modelless spawn never touches a lane (exact-pin baseline)
ok - a chained --model resolves to its head and records its lane
ok - a recorded refusal falls the next launch through to the next ready label
ok - an exhausted chain refuses the spawn before any record exists
ok - a malformed chained --model refuses the spawn loudly
ok - fm-control relaunch: a chained model resolves, discloses, and records its lane
Configured-chain readiness output:
/Users/bastotecnologia/.no-mistakes/worktrees/5a1fd3284f12/01M3V1RZ7SVE3KJW7TVJRFMEEP/bin/fm-spawn.sh: line 735: fm_model_chain_resolve_for_launch: command not found
not ok - the remote secondmate spawn must find the launch resolver instead of crashing before anything is launched (unexpected: 'command not found')
--- output ---
/Users/bastotecnologia/.no-mistakes/worktrees/5a1fd3284f12/01M3V1RZ7SVE3KJW7TVJRFMEEP/bin/fm-spawn.sh: line 735: fm_model_chain_resolve_for_launch: command not found
FM_TEST_END 2026-10-01T06:47:42Z tests/fm-model-chain.test.sh exit=1 duration_ms=58730 gate_skip=false
FM_TEST_BEGIN 2026-10-01T06:47:42Z tests/fm-remote-secondmate-lifecycle-e2e.test.sh family=secondmate expected_gate_skip=none
ok - overlapping remote home provisioning serializes through publication and rollback
ok - remote seed rollback preserves serialized competing routes
ok - unknown readiness preserves its route and brief for reconciliation
ok - remote seeding checks, repairs, and re-checks readiness, then stops on a remaining gap
ok - remote seeding proceeds once the repair closes every gap
ok - remote seeding provisions a supplied origin without touching the primary project tree
ok - remote provisioning re-validates a supplied origin at the receiving host
ok - seeding carries bitbucket, self-hosted, and scp-like origins through to the remote clone
ok - remote seed registers the route and provisions the whole home and project clone on that host
ok - remote inheritance rejects incomplete and superseded payload generations
ok - mixed local and remote routes validate without migration
/Users/bastotecnologia/.no-mistakes/worktrees/5a1fd3284f12/01M3V1RZ7SVE3KJW7TVJRFMEEP/bin/fm-spawn.sh: line 735: fm_model_chain_resolve_for_launch: command not found
not ok - remote spawn did not report separate host and backend dimensions (missing: 'remote=remote-mac backend=herdr')
--- output ---

FM_TEST_END 2026-10-01T06:48:27Z tests/fm-remote-secondmate-lifecycle-e2e.test.sh exit=1 duration_ms=44173 gate_skip=false
FM_TEST_SUMMARY total=2 failed=2 skipped_gate=0 duration_ms=103361
FM_TEST_SUMMARY_FAMILY family=secondmate count=1 duration_ms=44173 failed=1
FM_TEST_SUMMARY_FAMILY family=unclassified count=1 duration_ms=58730 failed=1
FM_TEST_SLOWEST rank=1 script=tests/fm-model-chain.test.sh duration_ms=58730
FM_TEST_SLOWEST rank=2 script=tests/fm-remote-secondmate-lifecycle-e2e.test.sh duration_ms=44173
