CASE: Exact trusted rendered summary promotes only Test
INPUT BODY:

Updates from [git push no-mistakes](https://github.com/kunchenguid/no-mistakes)
<!-- no-mistakes-pipeline-attestation:v1 {"head_sha": "2222222222222222222222222222222222222222", "steps": [{"step": "review", "status": "completed"}, {"step": "test", "status": "skipped"}, {"step": "document", "status": "completed"}]} -->
## Pipeline
<details>
<summary>⏭️ **Test** - skipped: test.skip: CI runs the full behavior suite on every PR; see .github/workflows/ci.yml</summary>

</details>

HELPER: trusted-test-skip: accepted: Test step skipped by trusted test.skip (CI runs the full behavior suite on every PR; see .github/workflows/ci.yml)
OUTPUT BODY:

Updates from [git push no-mistakes](https://github.com/kunchenguid/no-mistakes)
<!-- no-mistakes-pipeline-attestation:v1 {"head_sha":"2222222222222222222222222222222222222222","steps":[{"step":"review","status":"completed"},{"step":"test","status":"completed"},{"step":"document","status":"completed"}]} -->
## Pipeline
<details>
<summary>⏭️ **Test** - skipped: test.skip: CI runs the full behavior suite on every PR; see .github/workflows/ci.yml</summary>

</details>

VERIFIER:
Found no-mistakes signature in PR #3006 body.
Found structurally compliant pipeline step attestation.
::warning::PR-body attestation is author-editable and is not cryptographic proof that no-mistakes produced it.

verifier_rc=0

CASE: Original base has no trusted skip; first PR remains strict
INPUT BODY:

Updates from [git push no-mistakes](https://github.com/kunchenguid/no-mistakes)
<!-- no-mistakes-pipeline-attestation:v1 {"head_sha": "2222222222222222222222222222222222222222", "steps": [{"step": "review", "status": "completed"}, {"step": "test", "status": "skipped"}, {"step": "document", "status": "completed"}]} -->
## Pipeline
<details>
<summary>⏭️ **Test** - skipped: test.skip: CI runs the full behavior suite on every PR; see .github/workflows/ci.yml</summary>

</details>

HELPER: trusted-test-skip: not configured in the trusted config; body unchanged
OUTPUT BODY:

Updates from [git push no-mistakes](https://github.com/kunchenguid/no-mistakes)
<!-- no-mistakes-pipeline-attestation:v1 {"head_sha": "2222222222222222222222222222222222222222", "steps": [{"step": "review", "status": "completed"}, {"step": "test", "status": "skipped"}, {"step": "document", "status": "completed"}]} -->
## Pipeline
<details>
<summary>⏭️ **Test** - skipped: test.skip: CI runs the full behavior suite on every PR; see .github/workflows/ci.yml</summary>

</details>

VERIFIER:
Found no-mistakes signature in PR #3006 body.
::error::Required no-mistakes pipeline steps are not completed: test (status=skipped).

This repository requires review, test, document to have status=completed. Quota skips and agent skips are not compliant.

Contributions to this repository must be submitted via 'git push no-mistakes'.
See CONTRIBUTING.md for setup and the full workflow.

PR author: regression

verifier_rc=1

CASE: Earlier trusted example cannot promote per-run skip
INPUT BODY:
```html
<summary>⏭️ **Test** - skipped: test.skip: CI runs the full behavior suite on every PR; see .github/workflows/ci.yml</summary>
```

Updates from [git push no-mistakes](https://github.com/kunchenguid/no-mistakes)
<!-- no-mistakes-pipeline-attestation:v1 {"head_sha": "2222222222222222222222222222222222222222", "steps": [{"step": "review", "status": "completed"}, {"step": "test", "status": "skipped"}, {"step": "document", "status": "completed"}]} -->
## Pipeline
<details>
<summary>⏭️ **Test** - skipped: skipped by --skip</summary>

</details>

HELPER: trusted-test-skip: refused: Test was skipped, but not by the trusted test.skip reason; body unchanged
OUTPUT BODY:
```html
<summary>⏭️ **Test** - skipped: test.skip: CI runs the full behavior suite on every PR; see .github/workflows/ci.yml</summary>
```

Updates from [git push no-mistakes](https://github.com/kunchenguid/no-mistakes)
<!-- no-mistakes-pipeline-attestation:v1 {"head_sha": "2222222222222222222222222222222222222222", "steps": [{"step": "review", "status": "completed"}, {"step": "test", "status": "skipped"}, {"step": "document", "status": "completed"}]} -->
## Pipeline
<details>
<summary>⏭️ **Test** - skipped: skipped by --skip</summary>

</details>

VERIFIER:
Found no-mistakes signature in PR #3006 body.
::error::Required no-mistakes pipeline steps are not completed: test (status=skipped).

This repository requires review, test, document to have status=completed. Quota skips and agent skips are not compliant.

Contributions to this repository must be submitted via 'git push no-mistakes'.
See CONTRIBUTING.md for setup and the full workflow.

PR author: regression

verifier_rc=1

CASE: Earlier trusted example cannot promote per-run skip
INPUT BODY:
> <summary>⏭️ **Test** - skipped: test.skip: CI runs the full behavior suite on every PR; see .github/workflows/ci.yml</summary>

Updates from [git push no-mistakes](https://github.com/kunchenguid/no-mistakes)
<!-- no-mistakes-pipeline-attestation:v1 {"head_sha": "2222222222222222222222222222222222222222", "steps": [{"step": "review", "status": "completed"}, {"step": "test", "status": "skipped"}, {"step": "document", "status": "completed"}]} -->
## Pipeline
<details>
<summary>⏭️ **Test** - skipped: skipped by --skip</summary>

</details>

HELPER: trusted-test-skip: refused: Test was skipped, but not by the trusted test.skip reason; body unchanged
OUTPUT BODY:
> <summary>⏭️ **Test** - skipped: test.skip: CI runs the full behavior suite on every PR; see .github/workflows/ci.yml</summary>

Updates from [git push no-mistakes](https://github.com/kunchenguid/no-mistakes)
<!-- no-mistakes-pipeline-attestation:v1 {"head_sha": "2222222222222222222222222222222222222222", "steps": [{"step": "review", "status": "completed"}, {"step": "test", "status": "skipped"}, {"step": "document", "status": "completed"}]} -->
## Pipeline
<details>
<summary>⏭️ **Test** - skipped: skipped by --skip</summary>

</details>

VERIFIER:
Found no-mistakes signature in PR #3006 body.
::error::Required no-mistakes pipeline steps are not completed: test (status=skipped).

This repository requires review, test, document to have status=completed. Quota skips and agent skips are not compliant.

Contributions to this repository must be submitted via 'git push no-mistakes'.
See CONTRIBUTING.md for setup and the full workflow.

PR author: regression

verifier_rc=1

CASE: Later trusted summary cannot replace the first Test result
INPUT BODY:

Updates from [git push no-mistakes](https://github.com/kunchenguid/no-mistakes)
<!-- no-mistakes-pipeline-attestation:v1 {"head_sha": "2222222222222222222222222222222222222222", "steps": [{"step": "review", "status": "completed"}, {"step": "test", "status": "skipped"}, {"step": "document", "status": "completed"}]} -->
## Pipeline
<details>
<summary>⏭️ **Test** - skipped: skipped by --skip</summary>

</details>
<details>
<summary>⏭️ **Test** - skipped: test.skip: CI runs the full behavior suite on every PR; see .github/workflows/ci.yml</summary>
</details>

HELPER: trusted-test-skip: refused: Test was skipped, but not by the trusted test.skip reason; body unchanged
OUTPUT BODY:

Updates from [git push no-mistakes](https://github.com/kunchenguid/no-mistakes)
<!-- no-mistakes-pipeline-attestation:v1 {"head_sha": "2222222222222222222222222222222222222222", "steps": [{"step": "review", "status": "completed"}, {"step": "test", "status": "skipped"}, {"step": "document", "status": "completed"}]} -->
## Pipeline
<details>
<summary>⏭️ **Test** - skipped: skipped by --skip</summary>

</details>
<details>
<summary>⏭️ **Test** - skipped: test.skip: CI runs the full behavior suite on every PR; see .github/workflows/ci.yml</summary>
</details>

VERIFIER:
Found no-mistakes signature in PR #3006 body.
::error::Required no-mistakes pipeline steps are not completed: test (status=skipped).

This repository requires review, test, document to have status=completed. Quota skips and agent skips are not compliant.

Contributions to this repository must be submitted via 'git push no-mistakes'.
See CONTRIBUTING.md for setup and the full workflow.

PR author: regression

verifier_rc=1

CASE: Before review: earlier example incorrectly promoted per-run skip
INPUT BODY:
```html
<summary>⏭️ **Test** - skipped: test.skip: CI runs the full behavior suite on every PR; see .github/workflows/ci.yml</summary>
```

Updates from [git push no-mistakes](https://github.com/kunchenguid/no-mistakes)
<!-- no-mistakes-pipeline-attestation:v1 {"head_sha": "2222222222222222222222222222222222222222", "steps": [{"step": "review", "status": "completed"}, {"step": "test", "status": "skipped"}, {"step": "document", "status": "completed"}]} -->
## Pipeline
<details>
<summary>⏭️ **Test** - skipped: skipped by --skip</summary>

</details>

HELPER: trusted-test-skip: accepted: Test step skipped by trusted test.skip (CI runs the full behavior suite on every PR; see .github/workflows/ci.yml)
OUTPUT BODY:
```html
<summary>⏭️ **Test** - skipped: test.skip: CI runs the full behavior suite on every PR; see .github/workflows/ci.yml</summary>
```

Updates from [git push no-mistakes](https://github.com/kunchenguid/no-mistakes)
<!-- no-mistakes-pipeline-attestation:v1 {"head_sha":"2222222222222222222222222222222222222222","steps":[{"step":"review","status":"completed"},{"step":"test","status":"completed"},{"step":"document","status":"completed"}]} -->
## Pipeline
<details>
<summary>⏭️ **Test** - skipped: skipped by --skip</summary>

</details>

VERIFIER:
Found no-mistakes signature in PR #3006 body.
Found structurally compliant pipeline step attestation.
::warning::PR-body attestation is author-editable and is not cryptographic proof that no-mistakes produced it.

verifier_rc=0

CASE: Before review: later summary incorrectly promoted first skip
INPUT BODY:

Updates from [git push no-mistakes](https://github.com/kunchenguid/no-mistakes)
<!-- no-mistakes-pipeline-attestation:v1 {"head_sha": "2222222222222222222222222222222222222222", "steps": [{"step": "review", "status": "completed"}, {"step": "test", "status": "skipped"}, {"step": "document", "status": "completed"}]} -->
## Pipeline
<details>
<summary>⏭️ **Test** - skipped: skipped by --skip</summary>

</details>
<details>
<summary>⏭️ **Test** - skipped: test.skip: CI runs the full behavior suite on every PR; see .github/workflows/ci.yml</summary>
</details>

HELPER: trusted-test-skip: accepted: Test step skipped by trusted test.skip (CI runs the full behavior suite on every PR; see .github/workflows/ci.yml)
OUTPUT BODY:

Updates from [git push no-mistakes](https://github.com/kunchenguid/no-mistakes)
<!-- no-mistakes-pipeline-attestation:v1 {"head_sha":"2222222222222222222222222222222222222222","steps":[{"step":"review","status":"completed"},{"step":"test","status":"completed"},{"step":"document","status":"completed"}]} -->
## Pipeline
<details>
<summary>⏭️ **Test** - skipped: skipped by --skip</summary>

</details>
<details>
<summary>⏭️ **Test** - skipped: test.skip: CI runs the full behavior suite on every PR; see .github/workflows/ci.yml</summary>
</details>

VERIFIER:
Found no-mistakes signature in PR #3006 body.
Found structurally compliant pipeline step attestation.
::warning::PR-body attestation is author-editable and is not cryptographic proof that no-mistakes produced it.

verifier_rc=0

CASE: Trusted promotion cannot repair wrong head binding
INPUT BODY:

Updates from [git push no-mistakes](https://github.com/kunchenguid/no-mistakes)
<!-- no-mistakes-pipeline-attestation:v1 {"head_sha": "1111111111111111111111111111111111111111", "steps": [{"step": "review", "status": "completed"}, {"step": "test", "status": "skipped"}, {"step": "document", "status": "completed"}]} -->
## Pipeline
<details>
<summary>⏭️ **Test** - skipped: test.skip: CI runs the full behavior suite on every PR; see .github/workflows/ci.yml</summary>

</details>

HELPER: trusted-test-skip: accepted: Test step skipped by trusted test.skip (CI runs the full behavior suite on every PR; see .github/workflows/ci.yml)
OUTPUT BODY:

Updates from [git push no-mistakes](https://github.com/kunchenguid/no-mistakes)
<!-- no-mistakes-pipeline-attestation:v1 {"head_sha":"1111111111111111111111111111111111111111","steps":[{"step":"review","status":"completed"},{"step":"test","status":"completed"},{"step":"document","status":"completed"}]} -->
## Pipeline
<details>
<summary>⏭️ **Test** - skipped: test.skip: CI runs the full behavior suite on every PR; see .github/workflows/ci.yml</summary>

</details>

VERIFIER:
Found no-mistakes signature in PR #3006 body.
::error::Pipeline attestation head_sha does not match the current PR head.

attestation.head_sha: 1111111111111111111111111111111111111111
PR head: 2222222222222222222222222222222222222222

A later push must not pass on an older attestation. Re-run 'git push no-mistakes' so the PR body attestation binds to the current head.

See CONTRIBUTING.md for setup and the full workflow.

PR author: regression

verifier_rc=1

CASE: Trusted promotion cannot repair missing signature
INPUT BODY:

<!-- no-mistakes-pipeline-attestation:v1 {"head_sha": "2222222222222222222222222222222222222222", "steps": [{"step": "review", "status": "completed"}, {"step": "test", "status": "skipped"}, {"step": "document", "status": "completed"}]} -->
## Pipeline
<details>
<summary>⏭️ **Test** - skipped: test.skip: CI runs the full behavior suite on every PR; see .github/workflows/ci.yml</summary>

</details>

HELPER: trusted-test-skip: accepted: Test step skipped by trusted test.skip (CI runs the full behavior suite on every PR; see .github/workflows/ci.yml)
OUTPUT BODY:

<!-- no-mistakes-pipeline-attestation:v1 {"head_sha":"2222222222222222222222222222222222222222","steps":[{"step":"review","status":"completed"},{"step":"test","status":"completed"},{"step":"document","status":"completed"}]} -->
## Pipeline
<details>
<summary>⏭️ **Test** - skipped: test.skip: CI runs the full behavior suite on every PR; see .github/workflows/ci.yml</summary>

</details>

VERIFIER:
::error::This PR was not raised through no-mistakes.

Contributions to this repository must be submitted via 'git push no-mistakes'.
That pipeline runs the required review/test/lint/CI steps and writes a
deterministic '## Pipeline' section into the PR body containing:

    Updates from [git push no-mistakes](https://github.com/kunchenguid/no-mistakes)

See CONTRIBUTING.md for setup and the full workflow.

PR author: regression

verifier_rc=1

CASE: Trusted promotion cannot repair failed review
INPUT BODY:

Updates from [git push no-mistakes](https://github.com/kunchenguid/no-mistakes)
<!-- no-mistakes-pipeline-attestation:v1 {"head_sha": "2222222222222222222222222222222222222222", "steps": [{"step": "review", "status": "failed"}, {"step": "test", "status": "skipped"}, {"step": "document", "status": "completed"}]} -->
## Pipeline
<details>
<summary>⏭️ **Test** - skipped: test.skip: CI runs the full behavior suite on every PR; see .github/workflows/ci.yml</summary>

</details>

HELPER: trusted-test-skip: accepted: Test step skipped by trusted test.skip (CI runs the full behavior suite on every PR; see .github/workflows/ci.yml)
OUTPUT BODY:

Updates from [git push no-mistakes](https://github.com/kunchenguid/no-mistakes)
<!-- no-mistakes-pipeline-attestation:v1 {"head_sha":"2222222222222222222222222222222222222222","steps":[{"step":"review","status":"failed"},{"step":"test","status":"completed"},{"step":"document","status":"completed"}]} -->
## Pipeline
<details>
<summary>⏭️ **Test** - skipped: test.skip: CI runs the full behavior suite on every PR; see .github/workflows/ci.yml</summary>

</details>

VERIFIER:
Found no-mistakes signature in PR #3006 body.
::error::Required no-mistakes pipeline steps are not completed: review (status=failed).

This repository requires review, test, document to have status=completed. Quota skips and agent skips are not compliant.

Contributions to this repository must be submitted via 'git push no-mistakes'.
See CONTRIBUTING.md for setup and the full workflow.

PR author: regression

verifier_rc=1

CASE: Trusted promotion cannot repair failed document
INPUT BODY:

Updates from [git push no-mistakes](https://github.com/kunchenguid/no-mistakes)
<!-- no-mistakes-pipeline-attestation:v1 {"head_sha": "2222222222222222222222222222222222222222", "steps": [{"step": "review", "status": "completed"}, {"step": "test", "status": "skipped"}, {"step": "document", "status": "failed"}]} -->
## Pipeline
<details>
<summary>⏭️ **Test** - skipped: test.skip: CI runs the full behavior suite on every PR; see .github/workflows/ci.yml</summary>

</details>

HELPER: trusted-test-skip: accepted: Test step skipped by trusted test.skip (CI runs the full behavior suite on every PR; see .github/workflows/ci.yml)
OUTPUT BODY:

Updates from [git push no-mistakes](https://github.com/kunchenguid/no-mistakes)
<!-- no-mistakes-pipeline-attestation:v1 {"head_sha":"2222222222222222222222222222222222222222","steps":[{"step":"review","status":"completed"},{"step":"test","status":"completed"},{"step":"document","status":"failed"}]} -->
## Pipeline
<details>
<summary>⏭️ **Test** - skipped: test.skip: CI runs the full behavior suite on every PR; see .github/workflows/ci.yml</summary>

</details>

VERIFIER:
Found no-mistakes signature in PR #3006 body.
::error::Required no-mistakes pipeline steps are not completed: document (status=failed).

This repository requires review, test, document to have status=completed. Quota skips and agent skips are not compliant.

Contributions to this repository must be submitted via 'git push no-mistakes'.
See CONTRIBUTING.md for setup and the full workflow.

PR author: regression

verifier_rc=1

CASE: Duplicate Test entries remain unchanged
INPUT BODY:

Updates from [git push no-mistakes](https://github.com/kunchenguid/no-mistakes)
<!-- no-mistakes-pipeline-attestation:v1 {"head_sha": "2222222222222222222222222222222222222222", "steps": [{"step": "review", "status": "completed"}, {"step": "test", "status": "skipped"}, {"step": "document", "status": "completed"}, {"step": "test", "status": "skipped"}]} -->
## Pipeline
<details>
<summary>⏭️ **Test** - skipped: test.skip: CI runs the full behavior suite on every PR; see .github/workflows/ci.yml</summary>

</details>

HELPER: trusted-test-skip: Test step not skipped (2 test entries); body unchanged
OUTPUT BODY:

Updates from [git push no-mistakes](https://github.com/kunchenguid/no-mistakes)
<!-- no-mistakes-pipeline-attestation:v1 {"head_sha": "2222222222222222222222222222222222222222", "steps": [{"step": "review", "status": "completed"}, {"step": "test", "status": "skipped"}, {"step": "document", "status": "completed"}, {"step": "test", "status": "skipped"}]} -->
## Pipeline
<details>
<summary>⏭️ **Test** - skipped: test.skip: CI runs the full behavior suite on every PR; see .github/workflows/ci.yml</summary>

</details>

VERIFIER:
Found no-mistakes signature in PR #3006 body.
::error::Required no-mistakes pipeline steps are not completed: test (status=skipped).

This repository requires review, test, document to have status=completed. Quota skips and agent skips are not compliant.

Contributions to this repository must be submitted via 'git push no-mistakes'.
See CONTRIBUTING.md for setup and the full workflow.

PR author: regression

verifier_rc=1

CASE: Invalid trusted config false cannot promote Test
INPUT BODY:

Updates from [git push no-mistakes](https://github.com/kunchenguid/no-mistakes)
<!-- no-mistakes-pipeline-attestation:v1 {"head_sha": "2222222222222222222222222222222222222222", "steps": [{"step": "review", "status": "completed"}, {"step": "test", "status": "skipped"}, {"step": "document", "status": "completed"}]} -->
## Pipeline
<details>
<summary>⏭️ **Test** - skipped: test.skip: CI runs the full behavior suite on every PR; see .github/workflows/ci.yml</summary>

</details>

HELPER: trusted-test-skip: not configured in the trusted config; body unchanged
OUTPUT BODY:

Updates from [git push no-mistakes](https://github.com/kunchenguid/no-mistakes)
<!-- no-mistakes-pipeline-attestation:v1 {"head_sha": "2222222222222222222222222222222222222222", "steps": [{"step": "review", "status": "completed"}, {"step": "test", "status": "skipped"}, {"step": "document", "status": "completed"}]} -->
## Pipeline
<details>
<summary>⏭️ **Test** - skipped: test.skip: CI runs the full behavior suite on every PR; see .github/workflows/ci.yml</summary>

</details>

VERIFIER:
Found no-mistakes signature in PR #3006 body.
::error::Required no-mistakes pipeline steps are not completed: test (status=skipped).

This repository requires review, test, document to have status=completed. Quota skips and agent skips are not compliant.

Contributions to this repository must be submitted via 'git push no-mistakes'.
See CONTRIBUTING.md for setup and the full workflow.

PR author: regression

verifier_rc=1

CASE: Invalid trusted config multiline cannot promote Test
INPUT BODY:

Updates from [git push no-mistakes](https://github.com/kunchenguid/no-mistakes)
<!-- no-mistakes-pipeline-attestation:v1 {"head_sha": "2222222222222222222222222222222222222222", "steps": [{"step": "review", "status": "completed"}, {"step": "test", "status": "skipped"}, {"step": "document", "status": "completed"}]} -->
## Pipeline
<details>
<summary>⏭️ **Test** - skipped: test.skip: CI runs the full behavior suite on every PR; see .github/workflows/ci.yml</summary>

</details>

HELPER: trusted-test-skip: refused: trusted test.skip has no single-line skip_reason; body unchanged
OUTPUT BODY:

Updates from [git push no-mistakes](https://github.com/kunchenguid/no-mistakes)
<!-- no-mistakes-pipeline-attestation:v1 {"head_sha": "2222222222222222222222222222222222222222", "steps": [{"step": "review", "status": "completed"}, {"step": "test", "status": "skipped"}, {"step": "document", "status": "completed"}]} -->
## Pipeline
<details>
<summary>⏭️ **Test** - skipped: test.skip: CI runs the full behavior suite on every PR; see .github/workflows/ci.yml</summary>

</details>

VERIFIER:
Found no-mistakes signature in PR #3006 body.
::error::Required no-mistakes pipeline steps are not completed: test (status=skipped).

This repository requires review, test, document to have status=completed. Quota skips and agent skips are not compliant.

Contributions to this repository must be submitted via 'git push no-mistakes'.
See CONTRIBUTING.md for setup and the full workflow.

PR author: regression

verifier_rc=1

CASE: Invalid trusted config malformed cannot promote Test
INPUT BODY:

Updates from [git push no-mistakes](https://github.com/kunchenguid/no-mistakes)
<!-- no-mistakes-pipeline-attestation:v1 {"head_sha": "2222222222222222222222222222222222222222", "steps": [{"step": "review", "status": "completed"}, {"step": "test", "status": "skipped"}, {"step": "document", "status": "completed"}]} -->
## Pipeline
<details>
<summary>⏭️ **Test** - skipped: test.skip: CI runs the full behavior suite on every PR; see .github/workflows/ci.yml</summary>

</details>

HELPER: trusted-test-skip: not configured in the trusted config; body unchanged
OUTPUT BODY:

Updates from [git push no-mistakes](https://github.com/kunchenguid/no-mistakes)
<!-- no-mistakes-pipeline-attestation:v1 {"head_sha": "2222222222222222222222222222222222222222", "steps": [{"step": "review", "status": "completed"}, {"step": "test", "status": "skipped"}, {"step": "document", "status": "completed"}]} -->
## Pipeline
<details>
<summary>⏭️ **Test** - skipped: test.skip: CI runs the full behavior suite on every PR; see .github/workflows/ci.yml</summary>

</details>

VERIFIER:
Found no-mistakes signature in PR #3006 body.
::error::Required no-mistakes pipeline steps are not completed: test (status=skipped).

This repository requires review, test, document to have status=completed. Quota skips and agent skips are not compliant.

Contributions to this repository must be submitted via 'git push no-mistakes'.
See CONTRIBUTING.md for setup and the full workflow.

PR author: regression

verifier_rc=1
