FM_TEST_BEGIN 2026-10-05T19:01:56Z tests/fm-ci-workflow.test.sh family=unclassified expected_gate_skip=none
ok - PR and main push steps execute all affected and full owner shards with history
ok - a newer push to one PR supersedes that PR's in-flight CI
ok - distinct PRs get distinct concurrency groups
ok - every main push keeps its own group and is never cancelled
ok - every ci.yml job carries a finite timeout
ok - the incident's unbounded jobs keep their authorized caps
ok - the measured lane bounds match their authorized caps
FM_TEST_END 2026-10-05T19:01:59Z tests/fm-ci-workflow.test.sh exit=0 duration_ms=2814 gate_skip=false
FM_TEST_BEGIN 2026-10-05T19:01:59Z tests/fm-no-mistakes-required.test.sh family=standalone expected_gate_skip=none
ok - shared action accepts a matching head_sha with completed required steps
ok - shared action rejects a mismatched head_sha and names both SHAs
ok - shared action rejects an attestation with no head_sha
ok - a Test step skipped by trusted test.skip with its reason satisfies the check
ok - a skipped Test step still fails when the trusted config does not set test.skip
ok - a Test skip whose reason is not the trusted test.skip reason still fails
ok - only the first Test summary after the attestation can authorize a trusted skip
ok - trusted skips require exact rendered summaries with HTML-escaped reasons
ok - failed, missing, and incomplete Test steps still fail under trusted test.skip
FM_TEST_END 2026-10-05T19:02:04Z tests/fm-no-mistakes-required.test.sh exit=0 duration_ms=4858 gate_skip=false
FM_TEST_SUMMARY total=2 failed=0 skipped_gate=0 duration_ms=7835
FM_TEST_SUMMARY_FAMILY family=standalone count=1 duration_ms=4858 failed=0
FM_TEST_SUMMARY_FAMILY family=unclassified count=1 duration_ms=2814 failed=0
FM_TEST_SLOWEST rank=1 script=tests/fm-no-mistakes-required.test.sh duration_ms=4858
FM_TEST_SLOWEST rank=2 script=tests/fm-ci-workflow.test.sh duration_ms=2814
