FM_TEST_BEGIN 2026-10-01T04:54:47Z tests/fm-deck-harness.test.sh family=pure-contract-unit expected_gate_skip=none
ok - Herdr Deck recovery proves driver identity; dead and non-Deck paths remain conservative
ok - Herdr Deck recovery attributes a live driver across a spaced code root and state root
ok - the steering doorbell rings a live remote Deck driver and skips an absent one
ok - Deck idle Ctrl+C stays a signal, not fake input, while partial input remains visible
ok - Deck host preserves handling-successor supervision without parent turn-end wakes
ok - fm-deck-worker: a secondmate records a failed turn and waits at its prompt for the next wake
ok - fm-deck-worker: a secondmate replaces its watcher when the successor refuses its handoff
ok - fm-deck-worker: a secondmate with no session repeats its launch brief on the next wake
ok - fm-deck-worker: a secondmate that cannot open a session stops for the guarded relaunch
ok - fm-deck-worker: a secondmate that cannot publish a failed turn stops instead of looping
ok - fm-deck-worker: the brief and later prompts are turns of one Deck session with hooks and model
ok - fm-deck-worker: turns open and close the deck-wrapper busy record and touch turn-end
ok - fm-deck-worker: busy-state failures stop turns and publish status evidence
ok - fm-deck-worker: turn-end publication refuses unsafe targets
ok - fm-deck-worker: the evidence gate refuses a silent turn and passes one that reported
ok - fm-deck-worker: Deck stderr cannot break completion-blocked rendering
ok - fm-deck-worker: Firstmate bookkeeping cannot satisfy worker evidence
ok - fm-deck-worker: the finished-turn line carries the UTC completion time and degrades safely without it
ok - fm-deck-worker: the idle prompt notes the UTC idle instant beside the bare ❯ prompt
ok - fm-deck-worker: status evidence never follows symlinked or non-regular paths
ok - fm-deck-worker: silent and failed turns gain status evidence before turn-end
ok - fm-deck-worker: Ctrl+C records evidence and returns the worker to its prompt
not ok - tests/fm-deck-harness.test.sh exceeded the per-script bound of 180s and was terminated
FM_TEST_END 2026-10-01T04:57:48Z tests/fm-deck-harness.test.sh exit=124 duration_ms=180717 gate_skip=false
FM_TEST_SUMMARY total=1 failed=1 skipped_gate=0 duration_ms=181987
FM_TEST_SUMMARY_FAMILY family=pure-contract-unit count=1 duration_ms=180717 failed=1
FM_TEST_SLOWEST rank=1 script=tests/fm-deck-harness.test.sh duration_ms=180717
