FM_TEST_BEGIN 2026-10-05T00:22:36Z tests/.validation-stream-regression.test.sh family=unclassified expected_gate_skip=none
tests/.validation-stream-selected.test.sh: line 24: fm_test_tmproot: command not found
tests/.validation-stream-regression.test.sh: line 4: fm_test_tmproot: command not found
cp: /bin/bin: Operation not permitted
tests/.validation-stream-regression.test.sh: line 6: /bin/backends/stream.sh: No such file or directory
tests/.validation-stream-regression.test.sh: line 7: /bin/fm-stream.sh: Operation not permitted
tests/.validation-stream-selected.test.sh: line 34: fm_test_reap_helper_pids: command not found
mkdir: /secondmate: Read-only file system
mkdir: /secondmate: Read-only file system
mkdir: /secondmate: Read-only file system
tests/.validation-stream-selected.test.sh: line 62: /secondmate/tokens: No such file or directory
chmod: /secondmate/tokens: No such file or directory
tests/.validation-stream-selected.test.sh: line 65: /secondmate/log: No such file or directory
tests/.validation-stream-selected.test.sh: line 71: fm_test_track_helper_pid: command not found
not ok - hub did not report ready for case secondmate: 
tests/.validation-stream-selected.test.sh: line 34: fm_test_reap_helper_pids: command not found
tests/lib.sh: line 1: fm_test_cleanup: command not found
FM_TEST_END 2026-10-05T00:23:02Z tests/.validation-stream-regression.test.sh exit=1 duration_ms=25510 gate_skip=false
FM_TEST_SUMMARY total=1 failed=1 skipped_gate=0 duration_ms=25596
FM_TEST_SUMMARY_FAMILY family=unclassified count=1 duration_ms=25510 failed=1
FM_TEST_SLOWEST rank=1 script=tests/.validation-stream-regression.test.sh duration_ms=25510
