FM_TEST_BEGIN 2026-09-29T22:22:53Z tests/fm-stream-hub-rust.test.sh family=unclassified expected_gate_skip=none
    Finished `dev` profile [unoptimized + debuginfo] target(s) in 0.60s
Traceback (most recent call last):
  File "/Users/bastotecnologia/.no-mistakes/worktrees/5a1fd3284f12/01M3QC1MATCA01QP8SH40BPCW3/tests/assets/stream-hub-differential.py", line 392, in <module>
    observations = [exercise(p) for p in pilots]
                    ~~~~~~~~^^^
  File "/Users/bastotecnologia/.no-mistakes/worktrees/5a1fd3284f12/01M3QC1MATCA01QP8SH40BPCW3/tests/assets/stream-hub-differential.py", line 265, in exercise
    save(p.frame(b, b"0123456789" * 30000))
         ~~~~~~~^^^^^^^^^^^^^^^^^^^^^^^^^^
  File "/Users/bastotecnologia/.no-mistakes/worktrees/5a1fd3284f12/01M3QC1MATCA01QP8SH40BPCW3/tests/assets/stream-hub-differential.py", line 110, in frame
    return self.api("POST", "/v1/agent/frames",
           ~~~~~~~~^^^^^^^^^^^^^^^^^^^^^^^^^^^^
                    dict(machine="box", frames=[frame]), "pub")
                    ^^^^^^^^^^^^^^^^^^^^^^^^^^^^^^^^^^^^^^^^^^^
  File "/Users/bastotecnologia/.no-mistakes/worktrees/5a1fd3284f12/01M3QC1MATCA01QP8SH40BPCW3/tests/assets/stream-hub-differential.py", line 88, in api
    response = urllib.request.urlopen(request, timeout=15)
  File "/Users/bastotecnologia/.pyenv/versions/3.14.2/lib/python3.14/urllib/request.py", line 187, in urlopen
    return opener.open(url, data, timeout)
           ~~~~~~~~~~~^^^^^^^^^^^^^^^^^^^^
  File "/Users/bastotecnologia/.pyenv/versions/3.14.2/lib/python3.14/urllib/request.py", line 487, in open
    response = self._open(req, data)
  File "/Users/bastotecnologia/.pyenv/versions/3.14.2/lib/python3.14/urllib/request.py", line 504, in _open
    result = self._call_chain(self.handle_open, protocol, protocol +
                              '_open', req)
  File "/Users/bastotecnologia/.pyenv/versions/3.14.2/lib/python3.14/urllib/request.py", line 464, in _call_chain
    result = func(*args)
  File "/Users/bastotecnologia/.pyenv/versions/3.14.2/lib/python3.14/urllib/request.py", line 1350, in http_open
    return self.do_open(http.client.HTTPConnection, req)
           ~~~~~~~~~~~~^^^^^^^^^^^^^^^^^^^^^^^^^^^^^^^^^
  File "/Users/bastotecnologia/.pyenv/versions/3.14.2/lib/python3.14/urllib/request.py", line 1325, in do_open
    r = h.getresponse()
  File "/Users/bastotecnologia/.pyenv/versions/3.14.2/lib/python3.14/http/client.py", line 1450, in getresponse
    response.begin()
    ~~~~~~~~~~~~~~^^
  File "/Users/bastotecnologia/.pyenv/versions/3.14.2/lib/python3.14/http/client.py", line 336, in begin
    version, status, reason = self._read_status()
                              ~~~~~~~~~~~~~~~~~^^
  File "/Users/bastotecnologia/.pyenv/versions/3.14.2/lib/python3.14/http/client.py", line 297, in _read_status
    line = str(self.fp.readline(_MAXLINE + 1), "iso-8859-1")
               ~~~~~~~~~~~~~~~~^^^^^^^^^^^^^^
  File "/Users/bastotecnologia/.pyenv/versions/3.14.2/lib/python3.14/socket.py", line 725, in readinto
    return self._sock.recv_into(b)
           ~~~~~~~~~~~~~~~~~~~~^^^
TimeoutError: timed out
FM_TEST_END 2026-09-29T22:23:43Z tests/fm-stream-hub-rust.test.sh exit=1 duration_ms=49638 gate_skip=false
FM_TEST_SUMMARY total=1 failed=1 skipped_gate=0 duration_ms=52320
FM_TEST_SUMMARY_FAMILY family=unclassified count=1 duration_ms=49638 failed=1
FM_TEST_SLOWEST rank=1 script=tests/fm-stream-hub-rust.test.sh duration_ms=49638
