FM_TEST_BEGIN 2026-10-03T23:46:29Z tests/fm-stream-hub-rust.test.sh family=unclassified expected_gate_skip=none
    Finished `dev` profile [unoptimized + debuginfo] target(s) in 0.18s
differential: 179 HTTP/stream observations and Python agent/bridge lifecycle match
measurements: {"python": {"frame_mib_per_second": 1.31, "rss_kib": 33264, "startup_ms": 83.95}, "rust": {"frame_mib_per_second": 0.39, "rss_kib": 5920, "startup_ms": 41.64}}
ok - Rust hub: HTTP, stream, order and Python peer compatibility
FM_TEST_END 2026-10-03T23:46:52Z tests/fm-stream-hub-rust.test.sh exit=0 duration_ms=23453 gate_skip=false
FM_TEST_BEGIN 2026-10-03T23:46:52Z tests/fm-stream-agent-rust.test.sh family=unclassified expected_gate_skip=none
ok: native_orders Python/Rust observable parity
ok: command_values Python/Rust observable parity
ok: command_limits Python/Rust observable parity
ok: intervals Python/Rust observable parity
ok: concurrent_status Python/Rust observable parity
ok: generation_refusal Python/Rust observable parity
ok: lifecycle Python/Rust observable parity
ok: lost_result Python/Rust observable parity
ok: lost_kill_result Python/Rust observable parity
ok: redirected_background_exit Python/Rust observable parity
ok: final_rejoin Python/Rust observable parity
ok: contest Python/Rust observable parity
ok: refusals Python/Rust observable parity
ok: unsafe intervals refused before endpoint creation
ok - Rust/Python agents: native receiver application, durable original-turn proofs, PTY I/O, results, restart, capability isolation, contests, exits and shutdown parity
FM_TEST_END 2026-10-03T23:51:03Z tests/fm-stream-agent-rust.test.sh exit=0 duration_ms=250803 gate_skip=false
FM_TEST_BEGIN 2026-10-03T23:51:03Z tests/fm-stream-bridge-rust.test.sh family=unclassified expected_gate_skip=none
ok - bridge-rust: recorded hub traffic replays byte-identically
ok - bridge-rust: refusals match the reference's words and exit statuses
ok - bridge-rust: CLI flags, choices, defaults and exit statuses match
ok - bridge-rust: a real hub's listing replays byte-identically
ok - bridge-rust: snapshots of a real hub match beyond the process-local clocks
ok - bridge-rust: HTTPS and redirected hubs match the reference
ok - bridge-rust: serve streams like the reference and survives a hub outage
ok - bridge-rust: a closed reader ends the feed cleanly on both sides
ok - bridge-rust: the comparison harness answers identically
FM_TEST_END 2026-10-03T23:51:19Z tests/fm-stream-bridge-rust.test.sh exit=0 duration_ms=15597 gate_skip=false
FM_TEST_SUMMARY total=3 failed=0 skipped_gate=0 duration_ms=290021
FM_TEST_SUMMARY_FAMILY family=unclassified count=3 duration_ms=289853 failed=0
FM_TEST_SLOWEST rank=1 script=tests/fm-stream-agent-rust.test.sh duration_ms=250803
FM_TEST_SLOWEST rank=2 script=tests/fm-stream-hub-rust.test.sh duration_ms=23453
FM_TEST_SLOWEST rank=3 script=tests/fm-stream-bridge-rust.test.sh duration_ms=15597
