   Compiling libc v0.2.189
   Compiling proc-macro2 v1.0.107
   Compiling quote v1.0.47
   Compiling unicode-ident v1.0.26
   Compiling itoa v1.0.18
   Compiling pin-project-lite v0.2.17
   Compiling futures-core v0.3.34
   Compiling bytes v1.12.1
   Compiling serde_core v1.0.229
   Compiling zmij v1.0.23
   Compiling httparse v1.10.1
   Compiling serde_json v1.0.151
   Compiling serde v1.0.229
   Compiling once_cell v1.21.4
   Compiling http v1.5.0
   Compiling try-lock v0.2.5
   Compiling getrandom v0.4.3
   Compiling want v0.3.1
   Compiling tracing-core v0.1.36
   Compiling futures-channel v0.3.34
   Compiling atomic-waker v1.1.2
   Compiling errno v0.3.14
   Compiling mio v1.2.3
   Compiling socket2 v0.6.5
   Compiling syn v3.0.6
   Compiling signal-hook-registry v1.4.8
   Compiling http-body v1.1.0
   Compiling smallvec v1.16.1
   Compiling signal-hook v0.3.18
   Compiling httpdate v1.0.3
   Compiling memchr v2.8.3
   Compiling unicode-general-category v1.1.0
   Compiling cfg-if v1.0.5
   Compiling futures-task v0.3.34
   Compiling futures-util v0.3.34
   Compiling tracing v0.1.44
   Compiling percent-encoding v2.3.2
   Compiling tower-service v0.3.3
   Compiling tinyvec v1.13.3
   Compiling form_urlencoded v1.2.2
   Compiling uuid v1.26.1
   Compiling http-body-util v0.1.5
   Compiling unicode-normalization v0.1.25
   Compiling subtle v2.6.1
   Compiling east-asian-width v0.1.0
   Compiling base64 v0.22.1
   Compiling tokio-macros v2.7.2
   Compiling serde_derive v1.0.229
   Compiling tokio v1.53.1
   Compiling fm-stream-wire v0.1.0 (/Users/bastotecnologia/.no-mistakes/worktrees/5a1fd3284f12/01M420X5T39662CF6NV695GWJ5/.test-tmp/before-json/crates/fm-stream-wire)
   Compiling hyper v1.11.1
   Compiling tokio-stream v0.1.19
   Compiling hyper-util v0.1.20
   Compiling fm-stream-hub v2.0.0 (/Users/bastotecnologia/.no-mistakes/worktrees/5a1fd3284f12/01M420X5T39662CF6NV695GWJ5/.test-tmp/before-json/crates/fm-stream-hub)
    Finished `dev` profile [unoptimized + debuginfo] target(s) in 16.53s
