ok - stream: create yields a hub-bound target the dispatcher can resolve
ok - stream: a dispatcher send reaches the endpoint and capture reads it back
ok - stream: capture returns only the requested tail through the dispatcher
ok - stream: the composer capture keeps a blank screen apart from the cursor row
ok - stream: agent state reads the endpoint's foreground process
ok - stream: agent state separates a missing endpoint, a partition, and an unreachable hub
ok - stream: an agent-reported exit stays dead past staleness, a forced close does not
ok - stream: an agent's own close outranks a forced one that landed first
ok - stream: kill closes the exact endpoint and leaves its sibling running
ok - stream: only a close the endpoint's own agent reported counts as a stop
ok - stream: a kill the hub cannot answer is reported as unconfirmed
ok - stream: a 404 stays unconfirmed however long the hub has been up
ok - stream: task and kill answers the adapter cannot read are unconfirmed, never a stop
ok - stream: the status return channel appends through the normal status protocol
ok - stream: a target recorded against another hub is refused, not redirected
not ok - the refusal should carry the shell's own error as the reason (missing: 'this shell cannot start')
--- output ---


real	1m30.868s
user	0m6.421s
sys	0m8.221s
