ok - backend resolution preserves unreadable configuration errors for every caller
ok - backend resolution preserves environment, project, user, and default precedence
ok - backlog readers and mutations refuse unresolved backends without touching either backlog
ok - captain hold refuses backend errors and preserves relocated addressing for valid configuration
ok - dispatch publishes the record and moves the backlog item In flight in one run
ok - dispatch omits the markdown file when probing a Beads backlog
ok - a leftover markdown symlink does not brick a Beads home's dispatch
ok - completion applies and closes a Beads backlog without any markdown file
ok - dispatch refuses to supersede a pending authoritative close
ok - dispatch refuses held rows before creating resources
ok - dispatch refuses dependency-blocked rows before creating resources
ok - dispatch refuses held In-flight rows before relaunch
ok - dispatch reads backlog rows from the backlog addressing root
ok - recovery uses the parent of a trailing-slash data record
ok - completion targets nested relative data from the caller directory
ok - an immediate-child absolute data path keeps one paired backlog
ok - bare relative data addresses one backlog through dispatch and completion
ok - dispatch refuses symlinked backlogs without crossing homes
ok - automatic homes refuse lifecycle mutation without compatible tasks-axi
ok - dispatch refuses an unresolvable backlog data directory
ok - completion refuses before mutation when backlog data is unresolvable
ok - dispatch refuses, before creating anything, when the home has no item for the id
ok - dispatch distinguishes backlog read failures from missing items
ok - dispatch refuses a closed item instead of silently reopening it
ok - dispatch cannot commit without a verified task-record publication
ok - a failed backlog transition fails the dispatch loudly and leaves no record
ok - dispatch reports when failed-transition rollback cannot remove its record
ok - dispatch verifies both task and busy records during rollback
ok - dispatch commits neither record nor backlog state before launch delivery succeeds
ok - dispatch retries interrupted transitions before honoring termination
ok - a signal-deferred spawn verifies its preserved state and repairs a row that did not move
ok - a signal-deferred spawn reports attempted preservation as attempted when it cannot be verified
ok - a signal-deferred spawn bounds its verification so an unresponsive tasks-axi cannot hold the meta lock forever
/home/bruno/.no-mistakes/worktrees/0311921e9ccd/01M2T2C8HBHWQM834RZBYP0XZ6/bin/fm-backlog-transition-lib.sh: line 80: dirname: command not found
/home/bruno/.no-mistakes/worktrees/0311921e9ccd/01M2T2C8HBHWQM834RZBYP0XZ6/bin/fm-backlog-transition-lib.sh: line 80: cd: null directory
/home/bruno/.no-mistakes/worktrees/0311921e9ccd/01M2T2C8HBHWQM834RZBYP0XZ6/bin/fm-backlog-transition-lib.sh: line 80: /fm-timeout-lib.sh: No such file or directory
ok - fm_tasks_axi bounds the call through its perl watchdog when no timeout binary exists
/home/bruno/.no-mistakes/worktrees/0311921e9ccd/01M2T2C8HBHWQM834RZBYP0XZ6/bin/fm-backlog-transition-lib.sh: line 80: dirname: command not found
/home/bruno/.no-mistakes/worktrees/0311921e9ccd/01M2T2C8HBHWQM834RZBYP0XZ6/bin/fm-backlog-transition-lib.sh: line 80: cd: null directory
/home/bruno/.no-mistakes/worktrees/0311921e9ccd/01M2T2C8HBHWQM834RZBYP0XZ6/bin/fm-backlog-transition-lib.sh: line 80: /fm-timeout-lib.sh: No such file or directory
ok - fm_tasks_axi's perl watchdog passes the child status and output through unchanged
/home/bruno/.no-mistakes/worktrees/0311921e9ccd/01M2T2C8HBHWQM834RZBYP0XZ6/bin/fm-backlog-transition-lib.sh: line 80: dirname: command not found
/home/bruno/.no-mistakes/worktrees/0311921e9ccd/01M2T2C8HBHWQM834RZBYP0XZ6/bin/fm-backlog-transition-lib.sh: line 80: cd: null directory
/home/bruno/.no-mistakes/worktrees/0311921e9ccd/01M2T2C8HBHWQM834RZBYP0XZ6/bin/fm-backlog-transition-lib.sh: line 80: /fm-timeout-lib.sh: No such file or directory
ok - fm_tasks_axi fails closed rather than running unbounded when no bounding mechanism exists
/home/bruno/.no-mistakes/worktrees/0311921e9ccd/01M2T2C8HBHWQM834RZBYP0XZ6/bin/fm-backlog-transition-lib.sh: line 80: dirname: command not found
/home/bruno/.no-mistakes/worktrees/0311921e9ccd/01M2T2C8HBHWQM834RZBYP0XZ6/bin/fm-backlog-transition-lib.sh: line 80: cd: null directory
/home/bruno/.no-mistakes/worktrees/0311921e9ccd/01M2T2C8HBHWQM834RZBYP0XZ6/bin/fm-backlog-transition-lib.sh: line 80: /fm-timeout-lib.sh: No such file or directory
ok - fm_tasks_axi's GNU timeout kills a child that ignores SIGTERM after one further bound
ok - Kimi readiness interruptions fail before backlog commit
ok - dispatch does not resurrect a row closed after preflight
ok - dispatch fails when its backlog row vanishes after preflight
ok - completion closes a local-only ship, with its landing note, before reporting success
ok - completion closes a scout item against its report
ok - completion leaves legacy records open when no incarnation can be recorded
ok - completion refuses ambiguous task incarnations
ok - completion records relocated scout reports relative to the backlog root
ok - space-containing scout report paths round-trip through recovery
ok - control-byte data paths fail closed before paired transitions
ok - unreplayable data paths are refused before destructive cleanup
ok - completion preserves recovery state when task-record removal fails
ok - completion refuses to report success while its item is still open, and records what it owes
ok - an interrupt before the kill keeps every record for a rerun
ok - completion refuses directory-symlink close targets
ok - completion reports failure until its durable close marker is removed
ok - session start retries a close whose marker could not be removed
ok - session start reports owned backlog rows it cannot read
ok - Orca cleanup recovery is excluded from backlog lifecycle transitions
ok - session start marks an item In flight when this home already owns a worker for it
ok - session start rejects internal worker-record symlinks
ok - session start rejects symlinked worker records
ok - session start finishes a close an interrupted cleanup recorded but never landed
ok - completion marks a pending close whose worker could not be proved stopped, and recovery honours it
ok - a herdr refusal marks its pending close, and recovery honours it
ok - a refusal before the kill leaves its pending close unconfirmed, and replay honours it
ok - an interrupt after a proven kill still replays its close
ok - no automatic path retires a record no backend can answer for
ok - retirement requires exact record identities and refuses wildcards
ok - a retirement carries who asserted it and when, and is consumed by the cleanup it authorizes
ok - a retirement leaves work on disk byte-untouched and names what remains
ok - only the named override flag retires a record whose runtime refused, and it is recorded
ok - an interrupt during a retirement retires nothing and leaves no authorization
ok - a refusal other than the work gate stops the retirement
ok - a backlog row that cannot be read refuses the retirement instead of losing the record
ok - a captain-held row is retained with its deliverable, not closed as done
ok - a manual-backlog home retires its record and its backlog is left as the operator keeps it
ok - a record-only retirement takes its pending close with it
ok - a retirement records the record, its author, the time and the override durably
ok - a retirement that cannot record its author retires nothing
ok - a retirement keeps its record when the pending close cannot be cleared
ok - a retirement leaves a close session start can finish
ok - the retirement command's help states the condition it is for
ok - session start refuses to replay a close whose worker was never proved stopped
ok - session start still finishes an ordinary interrupted cleanup
ok - recovery backfills recorded links onto already Done items
ok - session start preserves a pending close across a transient backlog read failure
ok - recovery preserves incomplete-cleanup evidence across a failed replay
ok - session start finishes a close for the matching meta incarnation
ok - recovery preserves closes for ambiguous task incarnations
ok - recovery preserves both records when meta removal fails
ok - recovery preserves closes beside symlinked metadata
ok - recovery binds close-marker identity to its locked filename
ok - recovery rejects close markers targeting another home's data
ok - recovery validates an unterminated final marker field
ok - recovery rejects lexical traversal before resolving marker data
ok - recovery rejects marker control bytes before parsing
ok - recovery rejects malformed PR URL values
ok - a retained pending close is never started by reconciliation
ok - recovery rejects close-marker arguments outside its protocol
ok - recovery reports and rejects dangling symlink close markers
ok - session start drops a close recorded for an older meta incarnation
ok - session start rejects an unversioned close marker
ok - bootstrap rechecks worker-record containment after locking
ok - lifecycle files reject ancestor symlinks outside home roots
ok - same-home state overrides remain supported
ok - bootstrap refuses symlinked state before reconciliation
ok - bootstrap stops when backlog data disappears before reconciliation
ok - bootstrap preserves secondmate, manual, and absent-backlog exemptions
ok - session start leaves a captain-held item where the captain put it
ok - no-backlog teardown refuses symlinked records before resource actions
ok - teardown rechecks record parents after locking
ok - teardown refuses symlinked state before resource actions
ok - a home with no backlog remains exempt from lifecycle transitions
ok - spawn refuses a special-file tasks-axi config instead of blocking on it
ok - spawn refuses an unsafe tasks-axi config before any exemption is derived from it
ok - spawn refuses a data directory symlinked outside the home
ok - a configured adapter refuses a data directory outside the home
ok - dispatch and completion transition structurally with evidence
ok - refused teardown leaves the backlog item in flight
ok - environment-selected adapters bypass the legacy markdown file override
ok - a manual-backlog home dispatches and completes without a hard failure
ok - a secondmate home keeps its own books paired through dispatch and completion
ok - dispatching a persistent secondmate needs no backlog item

real	6m58.008s
user	4m15.823s
sys	1m52.930s
