# tests/fm-backend-stream.test.sh + tests/fm-secondmate-safety.test.sh (both exit=0)
FM_TEST_BEGIN 2026-09-18T11:54:25Z tests/fm-backend-stream.test.sh family=unclassified expected_gate_skip=none
ok - stream: create yields a hub-bound target the dispatcher can resolve
ok - stream: a dispatcher send reaches the endpoint and capture reads it back
ok - stream: capture returns only the requested tail through the dispatcher
ok - stream: the composer capture keeps a blank screen apart from the cursor row
ok - stream: agent state reads the endpoint's foreground process
ok - stream: agent state separates a missing endpoint, a partition, and an unreachable hub
ok - stream: an agent-reported exit stays dead past staleness, a forced close does not
ok - stream: an agent's own close outranks a forced one that landed first
ok - stream: kill closes the exact endpoint and leaves its sibling running
ok - stream: only a close the endpoint's own agent reported counts as a stop
ok - stream: a kill the hub cannot answer is reported as unconfirmed
ok - stream: a 404 stays unconfirmed however long the hub has been up
ok - stream: task and kill answers the adapter cannot read are unconfirmed, never a stop
ok - stream: the status return channel appends through the normal status protocol
ok - stream: a target recorded against another hub is refused, not redirected
ok - stream: a spawn whose endpoint shell cannot start reports the shell's own error
ok - stream: a spawned agent's diagnostics stop accumulating once it has registered
ok - stream: a create that times out leaves no agent and no endpoint, and the retry succeeds
ok - stream: a failed create never closes another home's endpoint under the same label
ok - stream: a startup against a permanently slow hub gives up inside its own budget
ok - stream: a hub that answers slowly but inside the window still spawns
ok - stream: a hung process probe cannot outlive the startup budget
ok - stream: an unreachable hub refuses loudly and names the start command
ok - stream: the hub URL prefers configuration, then a hub this home started, then the default
ok - stream: a rejected token refuses rather than retrying unauthenticated
ok - stream: a hub announcing another protocol is refused, not driven on guessed routes
ok - stream: a missing dependency refuses loudly and names the tool
ok - stream: a missing token is reported rather than crashing the caller
ok - stream: a secondmate spawn is refused until its launch semantics exist
ok - stream: cleanup validation binds a record to the hub that created it
ok - stream: the key vocabulary is exactly the control plane's four keys
FM_TEST_END 2026-09-18T11:57:59Z tests/fm-backend-stream.test.sh exit=0 duration_ms=214815 gate_skip=false
FM_TEST_BEGIN 2026-09-18T11:57:59Z tests/fm-secondmate-safety.test.sh family=secondmate expected_gate_skip=none
ok - FM_HOME parameterizes data and state paths
ok - fm-lock status is scoped per home
ok - seed allows overlapping project clone lists and drops the owns/owner routing
ok - home-seed validation rejects registry records no operational parser can consume
ok - home seeding refuses broken registry symlinks before provisioning
ok - home seeding refuses unreadable registries before provisioning
ok - home seed validation rejects duplicate home routes
ok - home seed validation rejects duplicate id routes
ok - home seed validation rejects nested home routes
ok - home seeding durably leases treehouse-acquired dash homes under the secondmate id
ok - home seeding returns rejected acquired homes through treehouse
ok - home seed rollback warns when treehouse-acquired return fails
ok - home seeding leaves unsafe acquired active homes untouched
ok - home seeding rolls back failed clone attempts without residue
ok - home seeding refuses direct seed without filled charter text
ok - home seeding refuses unfilled placeholder charters
ok - home seeding refuses empty normalized charter fields
ok - home seeding scaffolds, registers, and spawns a project-less home end to end
ok - secondmate spawn resolves home validation and projects from punctuated registry fields
ok - secondmate spawn refuses ambiguous, supplied-home, and metadata-home registry bindings
ok - home seeding validates reused project-less charters before mutation
ok - home seeding refuses project-less conversion of a populated home
ok - home seeding refuses project-less homes whose projects directory cannot be inspected
ok - home seeding refuses project-less homes with symlinked projects directories
ok - home seeding refuses project-less homes with non-directory projects paths
ok - home seeding refuses project-less homes whose project registry cannot be inspected
ok - home seeding fails loudly on accidental project omission and rejects mixed --no-projects
ok - home seeding refuses local-only projects
ok - home seeding refuses registry delimiter home paths
ok - home seeding refuses active home and repo root
ok - home seeding refuses homes marked for another id
ok - home seeding refuses homes registered to another id
ok - home seeding refuses same-id reassignment to a different home
ok - home seeding refuses registered home overlaps
ok - remote-backed subhome seeding requires a source origin
ok - remote-backed subhome seeding validates existing destination origins
ok - home seeding resolves relative source origins against the source project
ok - home seeding skips initialized existing no-mistakes clones
ok - home seeding refuses uninitialized existing no-mistakes clones
ok - home seeding refuses project destinations outside the subhome
ok - home seeding refuses operational directories outside the subhome
ok - home seeding refuses symlinked and non-regular leaf files
ok - home reseeding preserves and enforces the durable parent binding
ok - secondmate spawn validates homes before launch
ok - secondmate spawn refuses operational directories outside the subhome
ok - fm-send refuses a bare firstmate window with no metadata in this home
ok - secondmate teardown retires empty homes and releases routing
ok - secondmate teardown refuses ambiguous and identity-mismatched registry bindings
ok - normal secondmate teardown sweeps process events before removal
ok - secondmate teardown preserves state when process-event sweeping is unavailable
ok - a cleanup that fails its process-event restore retires nothing
ok - later teardown refusals preserve active process-event sources
ok - force teardown sweeps nested secondmate homes before deletion
ok - force teardown preserves nested process-event restoration status and recovery state
ok - secondmate teardown refuses to hide failed leased-home return
ok - secondmate teardown raw-removes plain-clone homes
ok - secondmate force teardown discards child work
ok - forced secondmate teardown refuses duplicated descendant pool slots
ok - secondmate force teardown preserves child worktree after unproven lock refusal
ok - force teardown allows non-state operational directory symlinks inside the subhome
ok - force teardown refuses operational directory symlinks outside the subhome
ok - secondmate teardown refuses homes containing registered nested homes
ok - secondmate teardown refuses nested homes from the child registry
ok - force teardown validates subhome before child cleanup
ok - forced teardown refuses a non-directory descendant state path
ok - forced teardown refuses a symlinked descendant state path
ok - forced teardown locks a descendant whose state directory was absent
ok - forced teardown refuses while a fresh task is being published in the home
ok - a fresh spawn refuses to publish while a forced teardown owns the task set
ok - a fresh remote secondmate spawn refuses while the task set is owned
ok - force teardown refuses child worktrees inside the active home
ok - force teardown refuses child worktrees inside the firstmate repo
ok - force teardown refuses unregistered child worktree paths
ok - secondmate teardown path-boundary matrix refuses unmarked/ancestor/active-descendant/repo-descendant homes
ok - idle kind=secondmate pane is healthy and not stale
ok - secondmate charter brief is idle by default and does not self-initiate work
ok - fm-backlog-handoff aborts atomically on unmatched, in-flight, and unregistered targets
ok - fm-backlog-handoff refuses Done items under whitespace section headings and unsafe homes
FM_TEST_END 2026-09-18T12:00:09Z tests/fm-secondmate-safety.test.sh exit=0 duration_ms=129748 gate_skip=false
